#-----------------------------------------------------------
# Vivado v2024.1 (64-bit)
# SW Build 5076996 on Wed May 22 18:37:14 MDT 2024
# IP Build 5075265 on Wed May 22 21:45:21 MDT 2024
# SharedData Build 5076995 on Wed May 22 18:29:18 MDT 2024
# Start of session at: Tue May 12 11:36:45 2026
# Process ID: 79244
# Current directory: C:/vivado/Dma_Verification
# Command line: vivado.exe -gui_launcher_event rodinguilauncherevent14128 C:\vivado\Dma_Verification\Dma_Verification.xpr
# Log file: C:/vivado/Dma_Verification/vivado.log
# Journal file: C:/vivado/Dma_Verification\vivado.jou
# Running On        :LAPTOP-GEKT898H
# Platform          :Windows Server 2016 or Windows 10
# Operating System  :22631
# Processor Detail  :12th Gen Intel(R) Core(TM) i5-1235U
# CPU Frequency     :2496 MHz
# CPU Physical cores:10
# CPU Logical cores :12
# Host memory       :16869 MB
# Swap memory       :7491 MB
# Total Virtual     :24361 MB
# Available Virtual :2735 MB
#-----------------------------------------------------------
start_gui
open_project C:/vivado/Dma_Verification/Dma_Verification.xpr
WARNING: [Board 49-26] cannot add Board Part xilinx.com:kc705:part0:1.6 available at D:/Downloads/Vivado/2024.1/data/xhub/boards/XilinxBoardStore/boards/Xilinx/kc705/1.6/board.xml as part xc7k325tffg900-2 specified in board_part file is either invalid or not available
WARNING: [Board 49-26] cannot add Board Part xilinx.com:kcu105:part0:1.6 available at D:/Downloads/Vivado/2024.1/data/xhub/boards/XilinxBoardStore/boards/Xilinx/kcu105/1.6/board.xml as part xcku040-ffva1156-2-e specified in board_part file is either invalid or not available
WARNING: [Board 49-26] cannot add Board Part xilinx.com:kcu105:part0:1.7 available at D:/Downloads/Vivado/2024.1/data/xhub/boards/XilinxBoardStore/boards/Xilinx/kcu105/1.7/board.xml as part xcku040-ffva1156-2-e specified in board_part file is either invalid or not available
WARNING: [Board 49-26] cannot add Board Part xilinx.com:kcu1500:part0:1.2 available at D:/Downloads/Vivado/2024.1/data/xhub/boards/XilinxBoardStore/boards/Xilinx/kcu1500/1.2/board.xml as part xcku115-flvb2104-2-e specified in board_part file is either invalid or not available
WARNING: [Board 49-26] cannot add Board Part xilinx.com:vc707:part0:1.4 available at D:/Downloads/Vivado/2024.1/data/xhub/boards/XilinxBoardStore/boards/Xilinx/vc707/1.4/board.xml as part xc7vx485tffg1761-2 specified in board_part file is either invalid or not available
WARNING: [Board 49-26] cannot add Board Part xilinx.com:vc709:part0:1.8 available at D:/Downloads/Vivado/2024.1/data/xhub/boards/XilinxBoardStore/boards/Xilinx/vc709/1.8/board.xml as part xc7vx690tffg1761-2 specified in board_part file is either invalid or not available
WARNING: [Board 49-26] cannot add Board Part xilinx.com:vck190:part0:2.2 available at D:/Downloads/Vivado/2024.1/data/xhub/boards/XilinxBoardStore/boards/Xilinx/vck190/production/2.2/board.xml as part xcvc1902-vsva2197-2mp-e-s specified in board_part file is either invalid or not available
WARNING: [Board 49-26] cannot add Board Part xilinx.com:vck190:part0:3.0 available at D:/Downloads/Vivado/2024.1/data/xhub/boards/XilinxBoardStore/boards/Xilinx/vck190/production/3.0/board.xml as part xcvc1902-vsva2197-2mp-e-s specified in board_part file is either invalid or not available
WARNING: [Board 49-26] cannot add Board Part xilinx.com:vck190:part0:3.1 available at D:/Downloads/Vivado/2024.1/data/xhub/boards/XilinxBoardStore/boards/Xilinx/vck190/production/3.1/board.xml as part xcvc1902-vsva2197-2mp-e-s specified in board_part file is either invalid or not available
WARNING: [Board 49-26] cannot add Board Part xilinx.com:vck190:part0:3.2 available at D:/Downloads/Vivado/2024.1/data/xhub/boards/XilinxBoardStore/boards/Xilinx/vck190/production/3.2/board.xml as part xcvc1902-vsva2197-2mp-e-s specified in board_part file is either invalid or not available
WARNING: [Board 49-26] cannot add Board Part xilinx.com:vck190:part0:3.3 available at D:/Downloads/Vivado/2024.1/data/xhub/boards/XilinxBoardStore/boards/Xilinx/vck190/production/3.3/board.xml as part xcvc1902-vsva2197-2mp-e-s specified in board_part file is either invalid or not available
WARNING: [Board 49-26] cannot add Board Part xilinx.com:vck190_newl:part0:1.0 available at D:/Downloads/Vivado/2024.1/data/xhub/boards/XilinxBoardStore/boards/Xilinx/vck190_newl/production/1.0/board.xml as part xcvc1902-vsva2197-2mp-e-s specified in board_part file is either invalid or not available
WARNING: [Board 49-26] cannot add Board Part xilinx.com:vck190_newl:part0:1.1 available at D:/Downloads/Vivado/2024.1/data/xhub/boards/XilinxBoardStore/boards/Xilinx/vck190_newl/production/1.1/board.xml as part xcvc1902-vsva2197-2mp-e-s specified in board_part file is either invalid or not available
WARNING: [Board 49-26] cannot add Board Part xilinx.com:vck190_newl:part0:1.2 available at D:/Downloads/Vivado/2024.1/data/xhub/boards/XilinxBoardStore/boards/Xilinx/vck190_newl/production/1.2/board.xml as part xcvc1902-vsva2197-2mp-e-s specified in board_part file is either invalid or not available
WARNING: [Board 49-26] cannot add Board Part xilinx.com:vcu108:part0:1.6 available at D:/Downloads/Vivado/2024.1/data/xhub/boards/XilinxBoardStore/boards/Xilinx/vcu108/1.6/board.xml as part xcvu095-ffva2104-2-e specified in board_part file is either invalid or not available
WARNING: [Board 49-26] cannot add Board Part xilinx.com:vcu108:part0:1.7 available at D:/Downloads/Vivado/2024.1/data/xhub/boards/XilinxBoardStore/boards/Xilinx/vcu108/1.7/board.xml as part xcvu095-ffva2104-2-e specified in board_part file is either invalid or not available
WARNING: [Board 49-26] cannot add Board Part xilinx.com:vcu110:part0:1.4 available at D:/Downloads/Vivado/2024.1/data/xhub/boards/XilinxBoardStore/boards/Xilinx/vcu110/1.4/board.xml as part xcvu190-flgc2104-2-e specified in board_part file is either invalid or not available
WARNING: [Board 49-26] cannot add Board Part xilinx.com:vcu118:part0:2.0 available at D:/Downloads/Vivado/2024.1/data/xhub/boards/XilinxBoardStore/boards/Xilinx/vcu118/2.0/board.xml as part xcvu9p-flga2104-2l-e specified in board_part file is either invalid or not available
WARNING: [Board 49-26] cannot add Board Part xilinx.com:vcu118:part0:2.3 available at D:/Downloads/Vivado/2024.1/data/xhub/boards/XilinxBoardStore/boards/Xilinx/vcu118/2.3/board.xml as part xcvu9p-flga2104-2l-e specified in board_part file is either invalid or not available
WARNING: [Board 49-26] cannot add Board Part xilinx.com:vcu118:part0:2.4 available at D:/Downloads/Vivado/2024.1/data/xhub/boards/XilinxBoardStore/boards/Xilinx/vcu118/2.4/board.xml as part xcvu9p-flga2104-2l-e specified in board_part file is either invalid or not available
WARNING: [Board 49-26] cannot add Board Part xilinx.com:vcu129:part0:1.0 available at D:/Downloads/Vivado/2024.1/data/xhub/boards/XilinxBoardStore/boards/Xilinx/vcu129/production/1.0/board.xml as part xcvu29p-fsga2577-2l-e specified in board_part file is either invalid or not available
WARNING: [Board 49-26] cannot add Board Part xilinx.com:vcu1525:part0:1.3 available at D:/Downloads/Vivado/2024.1/data/xhub/boards/XilinxBoardStore/boards/Xilinx/vcu1525/1.3/board.xml as part xcvu9p-fsgd2104-2l-e specified in board_part file is either invalid or not available
WARNING: [Board 49-26] cannot add Board Part xilinx.com:vek280:part0:1.0 available at D:/Downloads/Vivado/2024.1/data/xhub/boards/XilinxBoardStore/boards/Xilinx/vek280/production/1.0/board.xml as part xcve2802-vsvh1760-2mp-e-s specified in board_part file is either invalid or not available
WARNING: [Board 49-26] cannot add Board Part xilinx.com:vek280:part0:1.1 available at D:/Downloads/Vivado/2024.1/data/xhub/boards/XilinxBoardStore/boards/Xilinx/vek280/production/1.1/board.xml as part xcve2802-vsvh1760-2mp-e-s specified in board_part file is either invalid or not available
WARNING: [Board 49-26] cannot add Board Part xilinx.com:vek280:part0:1.2 available at D:/Downloads/Vivado/2024.1/data/xhub/boards/XilinxBoardStore/boards/Xilinx/vek280/production/1.2/board.xml as part xcve2802-vsvh1760-2mp-e-s specified in board_part file is either invalid or not available
WARNING: [Board 49-26] cannot add Board Part xilinx.com:vek280_es:part0:1.0 available at D:/Downloads/Vivado/2024.1/data/xhub/boards/XilinxBoardStore/boards/Xilinx/vek280/es/rev_a/1.0/board.xml as part xcve2802-vsvh1760-2lp-e-s-es1 specified in board_part file is either invalid or not available
WARNING: [Board 49-26] cannot add Board Part xilinx.com:vek280_es:part0:1.1 available at D:/Downloads/Vivado/2024.1/data/xhub/boards/XilinxBoardStore/boards/Xilinx/vek280/es/rev_a/1.1/board.xml as part xcve2802-vsvh1760-2lp-e-s-es1 specified in board_part file is either invalid or not available
WARNING: [Board 49-26] cannot add Board Part xilinx.com:vek280_es_revb:part0:1.0 available at D:/Downloads/Vivado/2024.1/data/xhub/boards/XilinxBoardStore/boards/Xilinx/vek280/es/rev_b/1.0/board.xml as part xcve2802-vsvh1760-2mp-e-s-es1 specified in board_part file is either invalid or not available
WARNING: [Board 49-26] cannot add Board Part xilinx.com:vek280_es_revb:part0:1.1 available at D:/Downloads/Vivado/2024.1/data/xhub/boards/XilinxBoardStore/boards/Xilinx/vek280/es/rev_b/1.1/board.xml as part xcve2802-vsvh1760-2mp-e-s-es1 specified in board_part file is either invalid or not available
WARNING: [Board 49-26] cannot add Board Part xilinx.com:vermeo_t1_mpsoc:part0:1.0 available at D:/Downloads/Vivado/2024.1/data/xhub/boards/XilinxBoardStore/boards/Xilinx/vermeo_t1_mpsoc/1.0/board.xml as part xczu19eg-ffvd1760-2l-e specified in board_part file is either invalid or not available
WARNING: [Board 49-26] cannot add Board Part xilinx.com:vermeo_t1_rfsoc:part0:1.0 available at D:/Downloads/Vivado/2024.1/data/xhub/boards/XilinxBoardStore/boards/Xilinx/vermeo_t1_rfsoc/1.0/board.xml as part xczu21dr-ffvd1156-2l-e specified in board_part file is either invalid or not available
WARNING: [Board 49-26] cannot add Board Part xilinx.com:vhk158:part0:1.0 available at D:/Downloads/Vivado/2024.1/data/xhub/boards/XilinxBoardStore/boards/Xilinx/vhk158/production/1.0/board.xml as part xcvh1582-vsva3697-2mp-e-s specified in board_part file is either invalid or not available
WARNING: [Board 49-26] cannot add Board Part xilinx.com:vhk158:part0:1.1 available at D:/Downloads/Vivado/2024.1/data/xhub/boards/XilinxBoardStore/boards/Xilinx/vhk158/production/1.1/board.xml as part xcvh1582-vsva3697-2mp-e-s specified in board_part file is either invalid or not available
WARNING: [Board 49-26] cannot add Board Part xilinx.com:vhk158_es:part0:1.0 available at D:/Downloads/Vivado/2024.1/data/xhub/boards/XilinxBoardStore/boards/Xilinx/vhk158/es/1.0/board.xml as part xcvh1582-vsva3697-2mp-e-s-es1 specified in board_part file is either invalid or not available
WARNING: [Board 49-26] cannot add Board Part xilinx.com:vhk158_es:part0:1.1 available at D:/Downloads/Vivado/2024.1/data/xhub/boards/XilinxBoardStore/boards/Xilinx/vhk158/es/1.1/board.xml as part xcvh1582-vsva3697-2mp-e-s-es1 specified in board_part file is either invalid or not available
WARNING: [Board 49-26] cannot add Board Part xilinx.com:vmk180:part0:2.2 available at D:/Downloads/Vivado/2024.1/data/xhub/boards/XilinxBoardStore/boards/Xilinx/vmk180/production/2.2/board.xml as part xcvm1802-vsva2197-2mp-e-s specified in board_part file is either invalid or not available
WARNING: [Board 49-26] cannot add Board Part xilinx.com:vmk180:part0:3.0 available at D:/Downloads/Vivado/2024.1/data/xhub/boards/XilinxBoardStore/boards/Xilinx/vmk180/production/3.0/board.xml as part xcvm1802-vsva2197-2mp-e-s specified in board_part file is either invalid or not available
WARNING: [Board 49-26] cannot add Board Part xilinx.com:vmk180:part0:3.1 available at D:/Downloads/Vivado/2024.1/data/xhub/boards/XilinxBoardStore/boards/Xilinx/vmk180/production/3.1/board.xml as part xcvm1802-vsva2197-2mp-e-s specified in board_part file is either invalid or not available
WARNING: [Board 49-26] cannot add Board Part xilinx.com:vmk180:part0:3.2 available at D:/Downloads/Vivado/2024.1/data/xhub/boards/XilinxBoardStore/boards/Xilinx/vmk180/production/3.2/board.xml as part xcvm1802-vsva2197-2mp-e-s specified in board_part file is either invalid or not available
WARNING: [Board 49-26] cannot add Board Part xilinx.com:vmk180_newl:part0:1.0 available at D:/Downloads/Vivado/2024.1/data/xhub/boards/XilinxBoardStore/boards/Xilinx/vmk180_newl/production/1.0/board.xml as part xcvm1802-vsva2197-2mp-e-s specified in board_part file is either invalid or not available
WARNING: [Board 49-26] cannot add Board Part xilinx.com:vmk180_newl:part0:1.1 available at D:/Downloads/Vivado/2024.1/data/xhub/boards/XilinxBoardStore/boards/Xilinx/vmk180_newl/production/1.1/board.xml as part xcvm1802-vsva2197-2mp-e-s specified in board_part file is either invalid or not available
WARNING: [Board 49-26] cannot add Board Part xilinx.com:vpk120:part0:1.0 available at D:/Downloads/Vivado/2024.1/data/xhub/boards/XilinxBoardStore/boards/Xilinx/vpk120/production/1.0/board.xml as part xcvp1202-vsva2785-2mp-e-s specified in board_part file is either invalid or not available
WARNING: [Board 49-26] cannot add Board Part xilinx.com:vpk120:part0:1.1 available at D:/Downloads/Vivado/2024.1/data/xhub/boards/XilinxBoardStore/boards/Xilinx/vpk120/production/1.1/board.xml as part xcvp1202-vsva2785-2mp-e-s specified in board_part file is either invalid or not available
WARNING: [Board 49-26] cannot add Board Part xilinx.com:vpk120:part0:1.2 available at D:/Downloads/Vivado/2024.1/data/xhub/boards/XilinxBoardStore/boards/Xilinx/vpk120/production/1.2/board.xml as part xcvp1202-vsva2785-2mp-e-s specified in board_part file is either invalid or not available
WARNING: [Board 49-26] cannot add Board Part xilinx.com:vpk180:part0:1.0 available at D:/Downloads/Vivado/2024.1/data/xhub/boards/XilinxBoardStore/boards/Xilinx/vpk180/production/1.0/board.xml as part xcvp1802-lsvc4072-2mp-e-s specified in board_part file is either invalid or not available
WARNING: [Board 49-26] cannot add Board Part xilinx.com:vpk180:part0:1.1 available at D:/Downloads/Vivado/2024.1/data/xhub/boards/XilinxBoardStore/boards/Xilinx/vpk180/production/1.1/board.xml as part xcvp1802-lsvc4072-2mp-e-s specified in board_part file is either invalid or not available
WARNING: [Board 49-26] cannot add Board Part xilinx.com:vpk180:part0:1.2 available at D:/Downloads/Vivado/2024.1/data/xhub/boards/XilinxBoardStore/boards/Xilinx/vpk180/production/1.2/board.xml as part xcvp1802-lsvc4072-2mp-e-s specified in board_part file is either invalid or not available
WARNING: [Board 49-26] cannot add Board Part xilinx.com:zc706:part0:1.4 available at D:/Downloads/Vivado/2024.1/data/xhub/boards/XilinxBoardStore/boards/Xilinx/zc706/1.4/board.xml as part xc7z045ffg900-2 specified in board_part file is either invalid or not available
WARNING: [Board 49-26] cannot add Board Part xilinx.com:zcu102:part0:3.3 available at D:/Downloads/Vivado/2024.1/data/xhub/boards/XilinxBoardStore/boards/Xilinx/zcu102/3.3/board.xml as part xczu9eg-ffvb1156-2-e specified in board_part file is either invalid or not available
WARNING: [Board 49-26] cannot add Board Part xilinx.com:zcu102:part0:3.4 available at D:/Downloads/Vivado/2024.1/data/xhub/boards/XilinxBoardStore/boards/Xilinx/zcu102/3.4/board.xml as part xczu9eg-ffvb1156-2-e specified in board_part file is either invalid or not available
WARNING: [Board 49-26] cannot add Board Part xilinx.com:zcu111:part0:1.2 available at D:/Downloads/Vivado/2024.1/data/xhub/boards/XilinxBoardStore/boards/Xilinx/zcu111/1.2/board.xml as part xczu28dr-ffvg1517-2-e specified in board_part file is either invalid or not available
WARNING: [Board 49-26] cannot add Board Part xilinx.com:zcu111:part0:1.3 available at D:/Downloads/Vivado/2024.1/data/xhub/boards/XilinxBoardStore/boards/Xilinx/zcu111/1.3/board.xml as part xczu28dr-ffvg1517-2-e specified in board_part file is either invalid or not available
WARNING: [Board 49-26] cannot add Board Part xilinx.com:zcu111:part0:1.4 available at D:/Downloads/Vivado/2024.1/data/xhub/boards/XilinxBoardStore/boards/Xilinx/zcu111/1.4/board.xml as part xczu28dr-ffvg1517-2-e specified in board_part file is either invalid or not available
WARNING: [Board 49-26] cannot add Board Part xilinx.com:zcu1275:part0:1.0 available at D:/Downloads/Vivado/2024.1/data/xhub/boards/XilinxBoardStore/boards/Xilinx/zcu1275/1.0/board.xml as part xczu29dr-ffvf1760-2-e specified in board_part file is either invalid or not available
WARNING: [Board 49-26] cannot add Board Part xilinx.com:zcu1285:part0:1.0 available at D:/Downloads/Vivado/2024.1/data/xhub/boards/XilinxBoardStore/boards/Xilinx/zcu1285/1.0/board.xml as part xczu39dr-ffvf1760-2-i specified in board_part file is either invalid or not available
WARNING: [Board 49-26] cannot add Board Part xilinx.com:zcu208:part0:2.0 available at D:/Downloads/Vivado/2024.1/data/xhub/boards/XilinxBoardStore/boards/Xilinx/zcu208/production/2.0/board.xml as part xczu48dr-fsvg1517-2-e specified in board_part file is either invalid or not available
WARNING: [Board 49-26] cannot add Board Part xilinx.com:zcu208ld:part0:2.0 available at D:/Downloads/Vivado/2024.1/data/xhub/boards/XilinxBoardStore/boards/Xilinx/zcu208ld/production/2.0/board.xml as part xczu58dr-fsvg1517-2-i specified in board_part file is either invalid or not available
WARNING: [Board 49-26] cannot add Board Part xilinx.com:zcu216:part0:2.0 available at D:/Downloads/Vivado/2024.1/data/xhub/boards/XilinxBoardStore/boards/Xilinx/zcu216/production/2.0/board.xml as part xczu49dr-ffvf1760-2-e specified in board_part file is either invalid or not available
WARNING: [Board 49-26] cannot add Board Part xilinx.com:zcu216ld:part0:2.0 available at D:/Downloads/Vivado/2024.1/data/xhub/boards/XilinxBoardStore/boards/Xilinx/zcu216ld/production/2.0/board.xml as part xczu59dr-ffvf1760-2-i specified in board_part file is either invalid or not available
WARNING: [Board 49-26] cannot add Board Part xilinx.com:zcu670:part0:2.0 available at D:/Downloads/Vivado/2024.1/data/xhub/boards/XilinxBoardStore/boards/Xilinx/zcu670/2.0/board.xml as part xczu67dr-fsve1156-2-i specified in board_part file is either invalid or not available
WARNING: [Board 49-26] cannot add Board Part xilinx.com:zcu670ld:part0:1.0 available at D:/Downloads/Vivado/2024.1/data/xhub/boards/XilinxBoardStore/boards/Xilinx/zcu670ld/1.0/board.xml as part xczu57dr-fsve1156-2-i specified in board_part file is either invalid or not available
INFO: [filemgmt 56-3] Default IP Output Path : Could not find the directory 'C:/vivado/Dma_Verification/Dma_Verification.gen/sources_1'.
Scanning sources...
Finished scanning sources
INFO: [IP_Flow 19-234] Refreshing IP repositories
INFO: [IP_Flow 19-1704] No user IP repositories specified
INFO: [IP_Flow 19-2313] Loaded Vivado IP repository 'D:/Downloads/Vivado/2024.1/data/ip'.
open_project: Time (s): cpu = 00:00:16 ; elapsed = 00:00:19 . Memory (MB): peak = 1501.285 ; gain = 398.332
update_compile_order -fileset sources_1
launch_simulation
Command: launch_simulation 
INFO: [Vivado 12-12493] Simulation top is 'tb_top'
WARNING: [Vivado 12-13340] Unable to auto find GCC executables from simulator install path! (path not set)
INFO: [Vivado 12-5682] Launching behavioral simulation in 'C:/vivado/Dma_Verification/Dma_Verification.sim/sim_1/behav/xsim'
INFO: [SIM-utils-51] Simulation object is 'sim_1'
INFO: [SIM-utils-72] Using boost library from 'D:/Downloads/Vivado/2024.1/tps/boost_1_72_0'
INFO: [SIM-utils-54] Inspecting design source files for 'tb_top' in fileset 'sim_1'...
INFO: [USF-XSim-97] Finding global include files...
INFO: [USF-XSim-98] Fetching design files from 'sim_1'...
INFO: [USF-XSim-2] XSim::Compile design
INFO: [USF-XSim-61] Executing 'COMPILE and ANALYZE' step in 'C:/vivado/Dma_Verification/Dma_Verification.sim/sim_1/behav/xsim'
"xvlog --incr --relax -L uvm -L uvm -prj tb_top_vlog.prj"
INFO: [VRFC 10-2263] Analyzing SystemVerilog file "C:/vivado/Dma_Verification/Dma_Verification.srcs/sources_1/new/dma_engine.sv" into library xil_defaultlib
INFO: [VRFC 10-311] analyzing module dma_engine
INFO: [VRFC 10-2263] Analyzing SystemVerilog file "C:/vivado/Dma_Verification/Dma_Verification.srcs/sources_1/new/dma_interfaces.sv" into library xil_defaultlib
INFO: [VRFC 10-2263] Analyzing SystemVerilog file "C:/vivado/Dma_Verification/Dma_Verification.srcs/sources_1/new/dma_uvm_pkg.sv" into library xil_defaultlib
INFO: [VRFC 10-2263] Analyzing SystemVerilog file "C:/vivado/Dma_Verification/Dma_Verification.srcs/sources_1/new/tb_top.sv" into library xil_defaultlib
INFO: [VRFC 10-311] analyzing module tb_top
INFO: [VRFC 10-2263] Analyzing Verilog file "C:/vivado/Dma_Verification/Dma_Verification.sim/sim_1/behav/xsim/glbl.v" into library xil_defaultlib
INFO: [VRFC 10-311] analyzing module glbl
INFO: [USF-XSim-69] 'compile' step finished in '4' seconds
INFO: [USF-XSim-3] XSim::Elaborate design
INFO: [USF-XSim-61] Executing 'ELABORATE' step in 'C:/vivado/Dma_Verification/Dma_Verification.sim/sim_1/behav/xsim'
"xelab --incr --debug typical --relax --mt 2 -L xil_defaultlib -L uvm -L unisims_ver -L unimacro_ver -L secureip --snapshot tb_top_behav xil_defaultlib.tb_top xil_defaultlib.glbl -log elaborate.log -L uvm"
Vivado Simulator v2024.1
Copyright 1986-2022 Xilinx, Inc. All Rights Reserved.
Copyright 2022-2024 Advanced Micro Devices, Inc. All Rights Reserved.
Running: D:/Downloads/Vivado/2024.1/bin/unwrapped/win64.o/xelab.exe --incr --debug typical --relax --mt 2 -L xil_defaultlib -L uvm -L unisims_ver -L unimacro_ver -L secureip --snapshot tb_top_behav xil_defaultlib.tb_top xil_defaultlib.glbl -log elaborate.log -L uvm 
Using 2 slave threads.
Starting static elaboration
Pass Through NonSizing Optimizer
Completed static elaboration
Starting simulation data flow analysis
WARNING: [XSIM 43-4468] File : /proj/xbuilds/SWIP/2024.1_0404_1523/installs/lin64/Vivado/2024.1/data/system_verilog/uvm_1.2/xlnx_uvm_package.sv, Line : 25994, RANDC variable size more than 8 bits. This will be treated as a RAND variable instead.
WARNING: [XSIM 43-4100] "C:/vivado/Dma_Verification/Dma_Verification.srcs/sources_1/new/dma_uvm_pkg.sv" Line 6. Module dma_uvm_pkg has a timescale but at least one module in design doesn't have timescale.
WARNING: [XSIM 43-4100] "C:/vivado/Dma_Verification/Dma_Verification.srcs/sources_1/new/dma_uvm_pkg.sv" Line 6. Module dma_uvm_pkg has a timescale but at least one module in design doesn't have timescale.
WARNING: [XSIM 43-4100] "C:/vivado/Dma_Verification/Dma_Verification.srcs/sources_1/new/tb_top.sv" Line 3. Module tb_top has a timescale but at least one module in design doesn't have timescale.
WARNING: [XSIM 43-4100] "C:/vivado/Dma_Verification/Dma_Verification.srcs/sources_1/new/dma_interfaces.sv" Line 30. Module dma_axi_if_default has a timescale but at least one module in design doesn't have timescale.
WARNING: [XSIM 43-4100] "C:/vivado/Dma_Verification/Dma_Verification.srcs/sources_1/new/dma_interfaces.sv" Line 93. Module slave_cb has a timescale but at least one module in design doesn't have timescale.
WARNING: [XSIM 43-4100] "C:/vivado/Dma_Verification/Dma_Verification.srcs/sources_1/new/dma_interfaces.sv" Line 108. Module monitor_cb has a timescale but at least one module in design doesn't have timescale.
WARNING: [XSIM 43-4100] "C:/vivado/Dma_Verification/Dma_Verification.srcs/sources_1/new/dma_interfaces.sv" Line 176. Module dma_apb_if_default has a timescale but at least one module in design doesn't have timescale.
WARNING: [XSIM 43-4100] "C:/vivado/Dma_Verification/Dma_Verification.srcs/sources_1/new/dma_interfaces.sv" Line 189. Module master_cb has a timescale but at least one module in design doesn't have timescale.
WARNING: [XSIM 43-4100] "C:/vivado/Dma_Verification/Dma_Verification.srcs/sources_1/new/dma_interfaces.sv" Line 195. Module monitor_cb has a timescale but at least one module in design doesn't have timescale.
WARNING: [XSIM 43-4100] "C:/vivado/Dma_Verification/Dma_Verification.srcs/sources_1/new/dma_interfaces.sv" Line 209. Module dma_irq_if_default has a timescale but at least one module in design doesn't have timescale.
WARNING: [XSIM 43-4100] "C:/vivado/Dma_Verification/Dma_Verification.srcs/sources_1/new/dma_interfaces.sv" Line 217. Module monitor_cb has a timescale but at least one module in design doesn't have timescale.
WARNING: [XSIM 43-4100] "C:/vivado/Dma_Verification/Dma_Verification.srcs/sources_1/new/dma_engine.sv" Line 3. Module dma_engine has a timescale but at least one module in design doesn't have timescale.
WARNING: [XSIM 43-4100] "C:/vivado/Dma_Verification/Dma_Verification.srcs/sources_1/new/tb_top.sv" Line 3. Module tb_top has a timescale but at least one module in design doesn't have timescale.
WARNING: [XSIM 43-4100] "C:/vivado/Dma_Verification/Dma_Verification.srcs/sources_1/new/dma_interfaces.sv" Line 30. Module dma_axi_if_default has a timescale but at least one module in design doesn't have timescale.
WARNING: [XSIM 43-4100] "C:/vivado/Dma_Verification/Dma_Verification.srcs/sources_1/new/dma_interfaces.sv" Line 93. Module slave_cb has a timescale but at least one module in design doesn't have timescale.
WARNING: [XSIM 43-4100] "C:/vivado/Dma_Verification/Dma_Verification.srcs/sources_1/new/dma_interfaces.sv" Line 93. Module slave_cb has a timescale but at least one module in design doesn't have timescale.
WARNING: [XSIM 43-4100] "C:/vivado/Dma_Verification/Dma_Verification.srcs/sources_1/new/dma_interfaces.sv" Line 108. Module monitor_cb has a timescale but at least one module in design doesn't have timescale.
WARNING: [XSIM 43-4100] "C:/vivado/Dma_Verification/Dma_Verification.srcs/sources_1/new/dma_interfaces.sv" Line 108. Module monitor_cb has a timescale but at least one module in design doesn't have timescale.
WARNING: [XSIM 43-4100] "C:/vivado/Dma_Verification/Dma_Verification.srcs/sources_1/new/dma_interfaces.sv" Line 176. Module dma_apb_if_default has a timescale but at least one module in design doesn't have timescale.
WARNING: [XSIM 43-4100] "C:/vivado/Dma_Verification/Dma_Verification.srcs/sources_1/new/dma_interfaces.sv" Line 189. Module master_cb has a timescale but at least one module in design doesn't have timescale.
WARNING: [XSIM 43-4100] "C:/vivado/Dma_Verification/Dma_Verification.srcs/sources_1/new/dma_interfaces.sv" Line 189. Module master_cb has a timescale but at least one module in design doesn't have timescale.
WARNING: [XSIM 43-4100] "C:/vivado/Dma_Verification/Dma_Verification.srcs/sources_1/new/dma_interfaces.sv" Line 195. Module monitor_cb has a timescale but at least one module in design doesn't have timescale.
WARNING: [XSIM 43-4100] "C:/vivado/Dma_Verification/Dma_Verification.srcs/sources_1/new/dma_interfaces.sv" Line 195. Module monitor_cb has a timescale but at least one module in design doesn't have timescale.
WARNING: [XSIM 43-4100] "C:/vivado/Dma_Verification/Dma_Verification.srcs/sources_1/new/dma_interfaces.sv" Line 209. Module dma_irq_if_default has a timescale but at least one module in design doesn't have timescale.
WARNING: [XSIM 43-4100] "C:/vivado/Dma_Verification/Dma_Verification.srcs/sources_1/new/dma_interfaces.sv" Line 217. Module monitor_cb has a timescale but at least one module in design doesn't have timescale.
WARNING: [XSIM 43-4100] "C:/vivado/Dma_Verification/Dma_Verification.srcs/sources_1/new/dma_interfaces.sv" Line 217. Module monitor_cb has a timescale but at least one module in design doesn't have timescale.
WARNING: [XSIM 43-4100] "C:/vivado/Dma_Verification/Dma_Verification.srcs/sources_1/new/dma_engine.sv" Line 3. Module dma_engine has a timescale but at least one module in design doesn't have timescale.
WARNING: [XSIM 43-4100] "C:/vivado/Dma_Verification/Dma_Verification.sim/sim_1/behav/xsim/glbl.v" Line 6. Module glbl has a timescale but at least one module in design doesn't have timescale.
WARNING: [XSIM 43-4100] "C:/vivado/Dma_Verification/Dma_Verification.sim/sim_1/behav/xsim/glbl.v" Line 6. Module glbl has a timescale but at least one module in design doesn't have timescale.
Completed simulation data flow analysis
Time Resolution for simulation is 1ps
Compiling package uvm.uvm_pkg
Compiling package std.std
Compiling package xil_defaultlib.dma_uvm_pkg
Compiling module xil_defaultlib.slave_cb
Compiling module xil_defaultlib.monitor_cb
Compiling module xil_defaultlib.dma_axi_if_default
Compiling module xil_defaultlib.master_cb
Compiling module xil_defaultlib.monitor_cb
Compiling module xil_defaultlib.dma_apb_if_default
Compiling module xil_defaultlib.monitor_cb
Compiling module xil_defaultlib.dma_irq_if_default
Compiling module xil_defaultlib.dma_engine
Compiling module xil_defaultlib.tb_top
Compiling module xil_defaultlib.glbl
Built simulation snapshot tb_top_behav
run_program: Time (s): cpu = 00:00:01 ; elapsed = 00:01:09 . Memory (MB): peak = 1571.145 ; gain = 0.000
INFO: [USF-XSim-69] 'elaborate' step finished in '69' seconds
INFO: [USF-XSim-4] XSim::Simulate design
INFO: [USF-XSim-61] Executing 'SIMULATE' step in 'C:/vivado/Dma_Verification/Dma_Verification.sim/sim_1/behav/xsim'
INFO: [USF-XSim-98] *** Running xsim
   with args "tb_top_behav -key {Behavioral:sim_1:Functional:tb_top} -tclbatch {tb_top.tcl} -log {simulate.log}"
INFO: [USF-XSim-8] Loading simulator feature
Time resolution is 1 ps
source tb_top.tcl
# set curr_wave [current_wave_config]
# if { [string length $curr_wave] == 0 } {
#   if { [llength [get_objects]] > 0} {
#     add_wave /
#     set_property needs_save false [current_wave_config]
#   } else {
#      send_msg_id Add_Wave-1 WARNING "No top level signals found. Simulator will start without a wave window. If you want to open a wave window go to 'File->New Waveform Configuration' or type 'create_wave_config' in the TCL console."
#   }
# }
WARNING: Simulation object /tb_top/selected_test was not traceable in the design for the following reason:
Vivado Simulator does not support tracing of System Verilog Dynamic Type object.
# run 1000ns
UVM_INFO D:/Downloads/Vivado/2024.1/data/system_verilog/uvm_1.2/xlnx_uvm_package.sv(18601) @ 0: reporter [UVM/RELNOTES] 
----------------------------------------------------------------
UVM-1.2
(C) 2007-2014 Mentor Graphics Corporation
(C) 2007-2014 Cadence Design Systems, Inc.
(C) 2006-2014 Synopsys, Inc.
(C) 2011-2013 Cypress Semiconductor Corp.
(C) 2013-2014 NVIDIA Corporation
----------------------------------------------------------------

  ***********       IMPORTANT RELEASE NOTES         ************

  You are using a version of the UVM library that has been compiled
  with `UVM_NO_DEPRECATED undefined.

  You are using a version of the UVM library that has been compiled
  with `UVM_OBJECT_DO_NOT_NEED_CONSTRUCTOR undefined.

      (Specify +UVM_NO_RELNOTES to turn off this notice)

TB_TOP: Running UVM test 'dma_adaptive_stress_test'
UVM_INFO @ 0: reporter [RNTST] Running test dma_adaptive_stress_test...
UVM_INFO D:/Downloads/Vivado/2024.1/data/system_verilog/uvm_1.2/xlnx_uvm_package.sv(20867) @ 0: reporter [UVM/COMP/NAMECHECK] This implementation of the component name checks requires DPI to be enabled
UVM_INFO ../../../../Dma_Verification.srcs/sources_1/new/dma_test.sv(49) @ 0: uvm_test_top [TEST] Running 25 adaptive transactions
UVM_INFO ../../../../Dma_Verification.srcs/sources_1/new/dma_sequences.sv(328) @ 0: uvm_test_top.env.vsqr@@vseq [VSEQ] Starting 25 adaptive transactions
INFO: [USF-XSim-96] XSim completed. Design snapshot 'tb_top_behav' loaded.
INFO: [USF-XSim-97] XSim simulation ran for 1000ns
launch_simulation: Time (s): cpu = 00:00:02 ; elapsed = 00:01:19 . Memory (MB): peak = 1580.398 ; gain = 9.254
run all
UVM_INFO ../../../../Dma_Verification.srcs/sources_1/new/dma_sequences.sv(375) @ 330305000: uvm_test_top.env.vsqr@@vseq [VSEQ] All adaptive transactions complete
UVM_INFO D:/Downloads/Vivado/2024.1/data/system_verilog/uvm_1.2/xlnx_uvm_package.sv(19968) @ 340305000: reporter [TEST_DONE] 'run' phase is ready to proceed to the 'extract' phase
UVM_INFO ../../../../Dma_Verification.srcs/sources_1/new/dma_scoreboard.sv(190) @ 340305000: uvm_test_top.env.scoreboard [SB] 
====== SCOREBOARD SUMMARY ======
  Total transactions : 25
  Passed             : 25
  Failed             : 0
  Timed out          : 0
  Total bytes checked: 58600
================================
UVM_INFO ../../../../Dma_Verification.srcs/sources_1/new/dma_scoreboard.sv(195) @ 340305000: uvm_test_top.env.scoreboard [SB] ALL TRANSFERS VERIFIED - PASS
UVM_INFO D:/Downloads/Vivado/2024.1/data/system_verilog/uvm_1.2/xlnx_uvm_package.sv(13673) @ 340305000: reporter [UVM/REPORT/SERVER] 
--- UVM Report Summary ---

** Report counts by severity
UVM_INFO :    9
UVM_WARNING :    0
UVM_ERROR :    0
UVM_FATAL :    0
** Report counts by id
[RNTST]     1
[SB]     2
[TEST]     1
[TEST_DONE]     1
[UVM/COMP/NAMECHECK]     1
[UVM/RELNOTES]     1
[VSEQ]     2

$finish called at time : 340305 ns : File "D:/Downloads/Vivado/2024.1/data/system_verilog/uvm_1.2/xlnx_uvm_package.sv" Line 18699
export_xsim_coverage

 Options Set are : 

   Report Format              : html
   Log File                   : xcrg.log
   Functional Coverage Dir[s] : ./
   Functional Coverage DB[s]  : tb_top_behav



********************************************************
                  Functional Coverage Report 
********************************************************

 Restoring Functional Coverage DB[s] from : 
  1	.//xsim.covdb/tb_top_behav/xsim.covinfo

 Created Coverage Report Directory    : ./xsim_coverage_report/functionalCoverageReport

 Functional Coverage HTML Report directory        : ./xsim_coverage_report/functionalCoverageReport

 Creating dashboard.html 

 Creating groups.html 

 Creating grp0.html 

set_property top dma_engine [current_fileset]
WARNING: [filemgmt 56-199] Attempt to get parsing info during refresh. "On-the-fly" syntax checking information may be incorrect. [C:\vivado\Dma_Verification\Dma_Verification.srcs\sources_1\new\dma_scoreboard.sv:]
WARNING: [filemgmt 56-199] Attempt to get parsing info during refresh. "On-the-fly" syntax checking information may be incorrect. [C:\vivado\Dma_Verification\Dma_Verification.srcs\sources_1\new\dma_engine.sv:]
WARNING: [filemgmt 56-199] Attempt to get parsing info during refresh. "On-the-fly" syntax checking information may be incorrect. [C:\vivado\Dma_Verification\Dma_Verification.srcs\sources_1\new\dma_virtual_sequencer.sv:]
WARNING: [filemgmt 56-199] Attempt to get parsing info during refresh. "On-the-fly" syntax checking information may be incorrect. [C:\vivado\Dma_Verification\Dma_Verification.srcs\sources_1\new\dma_axi_mem_agent.sv:]
WARNING: [filemgmt 56-199] Attempt to get parsing info during refresh. "On-the-fly" syntax checking information may be incorrect. [C:\vivado\Dma_Verification\Dma_Verification.srcs\sources_1\new\tb_top.sv:]
WARNING: [filemgmt 56-199] Attempt to get parsing info during refresh. "On-the-fly" syntax checking information may be incorrect. [C:\vivado\Dma_Verification\Dma_Verification.srcs\sources_1\new\dma_virtual_sequencer.sv:]
WARNING: [filemgmt 56-199] Attempt to get parsing info during refresh. "On-the-fly" syntax checking information may be incorrect. [C:\vivado\Dma_Verification\Dma_Verification.srcs\sources_1\new\dma_virtual_sequencer.sv:]
WARNING: [filemgmt 56-199] Attempt to get parsing info during refresh. "On-the-fly" syntax checking information may be incorrect. [C:\vivado\Dma_Verification\Dma_Verification.srcs\sources_1\new\dma_scoreboard.sv:]
WARNING: [filemgmt 56-199] Attempt to get parsing info during refresh. "On-the-fly" syntax checking information may be incorrect. [C:\vivado\Dma_Verification\Dma_Verification.srcs\sources_1\new\dma_engine.sv:]
WARNING: [filemgmt 56-199] Attempt to get parsing info during refresh. "On-the-fly" syntax checking information may be incorrect. [C:\vivado\Dma_Verification\Dma_Verification.srcs\sources_1\new\dma_virtual_sequencer.sv:]
WARNING: [filemgmt 56-199] Attempt to get parsing info during refresh. "On-the-fly" syntax checking information may be incorrect. [C:\vivado\Dma_Verification\Dma_Verification.srcs\sources_1\new\dma_axi_mem_agent.sv:]
WARNING: [filemgmt 56-199] Attempt to get parsing info during refresh. "On-the-fly" syntax checking information may be incorrect. [C:\vivado\Dma_Verification\Dma_Verification.srcs\sources_1\new\tb_top.sv:]
WARNING: [filemgmt 56-199] Attempt to get parsing info during refresh. "On-the-fly" syntax checking information may be incorrect. [C:\vivado\Dma_Verification\Dma_Verification.srcs\sources_1\new\dma_axi_mem_agent.sv:]
WARNING: [filemgmt 56-199] Attempt to get parsing info during refresh. "On-the-fly" syntax checking information may be incorrect. [C:\vivado\Dma_Verification\Dma_Verification.srcs\sources_1\new\dma_axi_mem_agent.sv:]
WARNING: [filemgmt 56-199] Attempt to get parsing info during refresh. "On-the-fly" syntax checking information may be incorrect. [C:\vivado\Dma_Verification\Dma_Verification.srcs\sources_1\new\dma_scoreboard.sv:]
WARNING: [filemgmt 56-199] Attempt to get parsing info during refresh. "On-the-fly" syntax checking information may be incorrect. [C:\vivado\Dma_Verification\Dma_Verification.srcs\sources_1\new\dma_engine.sv:]
WARNING: [filemgmt 56-199] Attempt to get parsing info during refresh. "On-the-fly" syntax checking information may be incorrect. [C:\vivado\Dma_Verification\Dma_Verification.srcs\sources_1\new\dma_virtual_sequencer.sv:]
WARNING: [filemgmt 56-199] Attempt to get parsing info during refresh. "On-the-fly" syntax checking information may be incorrect. [C:\vivado\Dma_Verification\Dma_Verification.srcs\sources_1\new\dma_axi_mem_agent.sv:]
WARNING: [filemgmt 56-199] Attempt to get parsing info during refresh. "On-the-fly" syntax checking information may be incorrect. [C:\vivado\Dma_Verification\Dma_Verification.srcs\sources_1\new\tb_top.sv:]
WARNING: [filemgmt 56-199] Attempt to get parsing info during refresh. "On-the-fly" syntax checking information may be incorrect. [C:\vivado\Dma_Verification\Dma_Verification.srcs\sources_1\new\dma_engine.sv:]
WARNING: [filemgmt 56-199] Attempt to get parsing info during refresh. "On-the-fly" syntax checking information may be incorrect. [C:\vivado\Dma_Verification\Dma_Verification.srcs\sources_1\new\dma_engine.sv:]
update_compile_order -fileset sources_1
WARNING: [filemgmt 56-199] Attempt to get parsing info during refresh. "On-the-fly" syntax checking information may be incorrect. [C:\vivado\Dma_Verification\Dma_Verification.srcs\sources_1\new\dma_scoreboard.sv:]
WARNING: [filemgmt 56-199] Attempt to get parsing info during refresh. "On-the-fly" syntax checking information may be incorrect. [C:\vivado\Dma_Verification\Dma_Verification.srcs\sources_1\new\dma_engine.sv:]
WARNING: [filemgmt 56-199] Attempt to get parsing info during refresh. "On-the-fly" syntax checking information may be incorrect. [C:\vivado\Dma_Verification\Dma_Verification.srcs\sources_1\new\dma_virtual_sequencer.sv:]
WARNING: [filemgmt 56-199] Attempt to get parsing info during refresh. "On-the-fly" syntax checking information may be incorrect. [C:\vivado\Dma_Verification\Dma_Verification.srcs\sources_1\new\dma_axi_mem_agent.sv:]
WARNING: [filemgmt 56-199] Attempt to get parsing info during refresh. "On-the-fly" syntax checking information may be incorrect. [C:\vivado\Dma_Verification\Dma_Verification.srcs\sources_1\new\tb_top.sv:]
WARNING: [filemgmt 56-199] Attempt to get parsing info during refresh. "On-the-fly" syntax checking information may be incorrect. [C:\vivado\Dma_Verification\Dma_Verification.srcs\sources_1\new\dma_virtual_sequencer.sv:]
WARNING: [filemgmt 56-199] Attempt to get parsing info during refresh. "On-the-fly" syntax checking information may be incorrect. [C:\vivado\Dma_Verification\Dma_Verification.srcs\sources_1\new\dma_virtual_sequencer.sv:]
WARNING: [filemgmt 56-199] Attempt to get parsing info during refresh. "On-the-fly" syntax checking information may be incorrect. [C:\vivado\Dma_Verification\Dma_Verification.srcs\sources_1\new\dma_scoreboard.sv:]
WARNING: [filemgmt 56-199] Attempt to get parsing info during refresh. "On-the-fly" syntax checking information may be incorrect. [C:\vivado\Dma_Verification\Dma_Verification.srcs\sources_1\new\dma_engine.sv:]
WARNING: [filemgmt 56-199] Attempt to get parsing info during refresh. "On-the-fly" syntax checking information may be incorrect. [C:\vivado\Dma_Verification\Dma_Verification.srcs\sources_1\new\dma_virtual_sequencer.sv:]
WARNING: [filemgmt 56-199] Attempt to get parsing info during refresh. "On-the-fly" syntax checking information may be incorrect. [C:\vivado\Dma_Verification\Dma_Verification.srcs\sources_1\new\dma_axi_mem_agent.sv:]
WARNING: [filemgmt 56-199] Attempt to get parsing info during refresh. "On-the-fly" syntax checking information may be incorrect. [C:\vivado\Dma_Verification\Dma_Verification.srcs\sources_1\new\tb_top.sv:]
WARNING: [filemgmt 56-199] Attempt to get parsing info during refresh. "On-the-fly" syntax checking information may be incorrect. [C:\vivado\Dma_Verification\Dma_Verification.srcs\sources_1\new\dma_axi_mem_agent.sv:]
WARNING: [filemgmt 56-199] Attempt to get parsing info during refresh. "On-the-fly" syntax checking information may be incorrect. [C:\vivado\Dma_Verification\Dma_Verification.srcs\sources_1\new\dma_axi_mem_agent.sv:]
WARNING: [filemgmt 56-199] Attempt to get parsing info during refresh. "On-the-fly" syntax checking information may be incorrect. [C:\vivado\Dma_Verification\Dma_Verification.srcs\sources_1\new\dma_scoreboard.sv:]
WARNING: [filemgmt 56-199] Attempt to get parsing info during refresh. "On-the-fly" syntax checking information may be incorrect. [C:\vivado\Dma_Verification\Dma_Verification.srcs\sources_1\new\dma_engine.sv:]
WARNING: [filemgmt 56-199] Attempt to get parsing info during refresh. "On-the-fly" syntax checking information may be incorrect. [C:\vivado\Dma_Verification\Dma_Verification.srcs\sources_1\new\dma_virtual_sequencer.sv:]
WARNING: [filemgmt 56-199] Attempt to get parsing info during refresh. "On-the-fly" syntax checking information may be incorrect. [C:\vivado\Dma_Verification\Dma_Verification.srcs\sources_1\new\dma_axi_mem_agent.sv:]
WARNING: [filemgmt 56-199] Attempt to get parsing info during refresh. "On-the-fly" syntax checking information may be incorrect. [C:\vivado\Dma_Verification\Dma_Verification.srcs\sources_1\new\tb_top.sv:]
WARNING: [filemgmt 56-199] Attempt to get parsing info during refresh. "On-the-fly" syntax checking information may be incorrect. [C:\vivado\Dma_Verification\Dma_Verification.srcs\sources_1\new\tb_top.sv:]
WARNING: [filemgmt 56-199] Attempt to get parsing info during refresh. "On-the-fly" syntax checking information may be incorrect. [C:\vivado\Dma_Verification\Dma_Verification.srcs\sources_1\new\tb_top.sv:]
ERROR: [Common 17-180] Spawn failed: No error
WARNING: [filemgmt 56-199] Attempt to get parsing info during refresh. "On-the-fly" syntax checking information may be incorrect. [C:\vivado\Dma_Verification\Dma_Verification.srcs\sources_1\new\dma_scoreboard.sv:]
WARNING: [filemgmt 56-199] Attempt to get parsing info during refresh. "On-the-fly" syntax checking information may be incorrect. [C:\vivado\Dma_Verification\Dma_Verification.srcs\sources_1\new\dma_engine.sv:]
WARNING: [filemgmt 56-199] Attempt to get parsing info during refresh. "On-the-fly" syntax checking information may be incorrect. [C:\vivado\Dma_Verification\Dma_Verification.srcs\sources_1\new\dma_virtual_sequencer.sv:]
WARNING: [filemgmt 56-199] Attempt to get parsing info during refresh. "On-the-fly" syntax checking information may be incorrect. [C:\vivado\Dma_Verification\Dma_Verification.srcs\sources_1\new\dma_axi_mem_agent.sv:]
WARNING: [filemgmt 56-199] Attempt to get parsing info during refresh. "On-the-fly" syntax checking information may be incorrect. [C:\vivado\Dma_Verification\Dma_Verification.srcs\sources_1\new\tb_top.sv:]
WARNING: [filemgmt 56-199] Attempt to get parsing info during refresh. "On-the-fly" syntax checking information may be incorrect. [C:\vivado\Dma_Verification\Dma_Verification.srcs\sources_1\new\dma_scoreboard.sv:]
WARNING: [filemgmt 56-199] Attempt to get parsing info during refresh. "On-the-fly" syntax checking information may be incorrect. [C:\vivado\Dma_Verification\Dma_Verification.srcs\sources_1\new\dma_scoreboard.sv:]
ERROR: [Common 17-180] Spawn failed: No error
launch_runs synth_1
WARNING: [Vivado 12-7122] Auto Incremental Compile:: No reference checkpoint was found in run synth_1. Auto-incremental flow will not be run, the standard flow will be run instead.
[Tue May 12 12:24:44 2026] Launched synth_1...
Run output will be captured here: C:/vivado/Dma_Verification/Dma_Verification.runs/synth_1/runme.log
synth_design -rtl -rtl_skip_mlo -name rtl_1
Command: synth_design -rtl -rtl_skip_mlo -name rtl_1
Starting synth_design
Using part: xc7z020clg400-1
Top: dma_engine
INFO: [Device 21-403] Loading part xc7z020clg400-1
INFO: [Device 21-9227] Part: xc7z020clg400-1 does not have CEAM library.
INFO: [Synth 8-7079] Multithreading enabled for synth_design using a maximum of 2 processes.
INFO: [Synth 8-7078] Launching helper process for spawning children vivado processes
INFO: [Synth 8-7075] Helper process launched with PID 69356
---------------------------------------------------------------------------------
Starting RTL Elaboration : Time (s): cpu = 00:00:05 ; elapsed = 00:00:07 . Memory (MB): peak = 2433.531 ; gain = 440.113
---------------------------------------------------------------------------------
INFO: [Synth 8-6157] synthesizing module 'dma_engine' [C:/vivado/Dma_Verification/Dma_Verification.srcs/sources_1/new/dma_engine.sv:3]
INFO: [Synth 8-6155] done synthesizing module 'dma_engine' (0#1) [C:/vivado/Dma_Verification/Dma_Verification.srcs/sources_1/new/dma_engine.sv:3]
WARNING: [Synth 8-6014] Unused sequential element desc_len_reg was removed.  [C:/vivado/Dma_Verification/Dma_Verification.srcs/sources_1/new/dma_engine.sv:245]
WARNING: [Synth 8-7137] Register burst_buf_reg[0] in module dma_engine has both Set and reset with same priority. This may cause simulation mismatches. Consider rewriting code  [C:/vivado/Dma_Verification/Dma_Verification.srcs/sources_1/new/dma_engine.sv:358]
WARNING: [Synth 8-7137] Register burst_buf_reg[1] in module dma_engine has both Set and reset with same priority. This may cause simulation mismatches. Consider rewriting code  [C:/vivado/Dma_Verification/Dma_Verification.srcs/sources_1/new/dma_engine.sv:358]
WARNING: [Synth 8-7137] Register burst_buf_reg[2] in module dma_engine has both Set and reset with same priority. This may cause simulation mismatches. Consider rewriting code  [C:/vivado/Dma_Verification/Dma_Verification.srcs/sources_1/new/dma_engine.sv:358]
WARNING: [Synth 8-7137] Register burst_buf_reg[3] in module dma_engine has both Set and reset with same priority. This may cause simulation mismatches. Consider rewriting code  [C:/vivado/Dma_Verification/Dma_Verification.srcs/sources_1/new/dma_engine.sv:358]
WARNING: [Synth 8-7137] Register burst_buf_reg[4] in module dma_engine has both Set and reset with same priority. This may cause simulation mismatches. Consider rewriting code  [C:/vivado/Dma_Verification/Dma_Verification.srcs/sources_1/new/dma_engine.sv:358]
WARNING: [Synth 8-7137] Register burst_buf_reg[5] in module dma_engine has both Set and reset with same priority. This may cause simulation mismatches. Consider rewriting code  [C:/vivado/Dma_Verification/Dma_Verification.srcs/sources_1/new/dma_engine.sv:358]
WARNING: [Synth 8-7137] Register burst_buf_reg[6] in module dma_engine has both Set and reset with same priority. This may cause simulation mismatches. Consider rewriting code  [C:/vivado/Dma_Verification/Dma_Verification.srcs/sources_1/new/dma_engine.sv:358]
WARNING: [Synth 8-7137] Register burst_buf_reg[7] in module dma_engine has both Set and reset with same priority. This may cause simulation mismatches. Consider rewriting code  [C:/vivado/Dma_Verification/Dma_Verification.srcs/sources_1/new/dma_engine.sv:358]
WARNING: [Synth 8-7137] Register burst_buf_reg[8] in module dma_engine has both Set and reset with same priority. This may cause simulation mismatches. Consider rewriting code  [C:/vivado/Dma_Verification/Dma_Verification.srcs/sources_1/new/dma_engine.sv:358]
WARNING: [Synth 8-7137] Register burst_buf_reg[9] in module dma_engine has both Set and reset with same priority. This may cause simulation mismatches. Consider rewriting code  [C:/vivado/Dma_Verification/Dma_Verification.srcs/sources_1/new/dma_engine.sv:358]
WARNING: [Synth 8-7137] Register burst_buf_reg[10] in module dma_engine has both Set and reset with same priority. This may cause simulation mismatches. Consider rewriting code  [C:/vivado/Dma_Verification/Dma_Verification.srcs/sources_1/new/dma_engine.sv:358]
WARNING: [Synth 8-7137] Register burst_buf_reg[11] in module dma_engine has both Set and reset with same priority. This may cause simulation mismatches. Consider rewriting code  [C:/vivado/Dma_Verification/Dma_Verification.srcs/sources_1/new/dma_engine.sv:358]
WARNING: [Synth 8-7137] Register burst_buf_reg[12] in module dma_engine has both Set and reset with same priority. This may cause simulation mismatches. Consider rewriting code  [C:/vivado/Dma_Verification/Dma_Verification.srcs/sources_1/new/dma_engine.sv:358]
WARNING: [Synth 8-7137] Register burst_buf_reg[13] in module dma_engine has both Set and reset with same priority. This may cause simulation mismatches. Consider rewriting code  [C:/vivado/Dma_Verification/Dma_Verification.srcs/sources_1/new/dma_engine.sv:358]
WARNING: [Synth 8-7137] Register burst_buf_reg[14] in module dma_engine has both Set and reset with same priority. This may cause simulation mismatches. Consider rewriting code  [C:/vivado/Dma_Verification/Dma_Verification.srcs/sources_1/new/dma_engine.sv:358]
WARNING: [Synth 8-7137] Register burst_buf_reg[15] in module dma_engine has both Set and reset with same priority. This may cause simulation mismatches. Consider rewriting code  [C:/vivado/Dma_Verification/Dma_Verification.srcs/sources_1/new/dma_engine.sv:358]
WARNING: [Synth 8-7137] Register burst_strb_reg[0] in module dma_engine has both Set and reset with same priority. This may cause simulation mismatches. Consider rewriting code  [C:/vivado/Dma_Verification/Dma_Verification.srcs/sources_1/new/dma_engine.sv:359]
WARNING: [Synth 8-7137] Register burst_strb_reg[1] in module dma_engine has both Set and reset with same priority. This may cause simulation mismatches. Consider rewriting code  [C:/vivado/Dma_Verification/Dma_Verification.srcs/sources_1/new/dma_engine.sv:359]
WARNING: [Synth 8-7137] Register burst_strb_reg[2] in module dma_engine has both Set and reset with same priority. This may cause simulation mismatches. Consider rewriting code  [C:/vivado/Dma_Verification/Dma_Verification.srcs/sources_1/new/dma_engine.sv:359]
WARNING: [Synth 8-7137] Register burst_strb_reg[3] in module dma_engine has both Set and reset with same priority. This may cause simulation mismatches. Consider rewriting code  [C:/vivado/Dma_Verification/Dma_Verification.srcs/sources_1/new/dma_engine.sv:359]
WARNING: [Synth 8-7137] Register burst_strb_reg[4] in module dma_engine has both Set and reset with same priority. This may cause simulation mismatches. Consider rewriting code  [C:/vivado/Dma_Verification/Dma_Verification.srcs/sources_1/new/dma_engine.sv:359]
WARNING: [Synth 8-7137] Register burst_strb_reg[5] in module dma_engine has both Set and reset with same priority. This may cause simulation mismatches. Consider rewriting code  [C:/vivado/Dma_Verification/Dma_Verification.srcs/sources_1/new/dma_engine.sv:359]
WARNING: [Synth 8-7137] Register burst_strb_reg[6] in module dma_engine has both Set and reset with same priority. This may cause simulation mismatches. Consider rewriting code  [C:/vivado/Dma_Verification/Dma_Verification.srcs/sources_1/new/dma_engine.sv:359]
WARNING: [Synth 8-7137] Register burst_strb_reg[7] in module dma_engine has both Set and reset with same priority. This may cause simulation mismatches. Consider rewriting code  [C:/vivado/Dma_Verification/Dma_Verification.srcs/sources_1/new/dma_engine.sv:359]
WARNING: [Synth 8-7137] Register burst_strb_reg[8] in module dma_engine has both Set and reset with same priority. This may cause simulation mismatches. Consider rewriting code  [C:/vivado/Dma_Verification/Dma_Verification.srcs/sources_1/new/dma_engine.sv:359]
WARNING: [Synth 8-7137] Register burst_strb_reg[9] in module dma_engine has both Set and reset with same priority. This may cause simulation mismatches. Consider rewriting code  [C:/vivado/Dma_Verification/Dma_Verification.srcs/sources_1/new/dma_engine.sv:359]
WARNING: [Synth 8-7137] Register burst_strb_reg[10] in module dma_engine has both Set and reset with same priority. This may cause simulation mismatches. Consider rewriting code  [C:/vivado/Dma_Verification/Dma_Verification.srcs/sources_1/new/dma_engine.sv:359]
WARNING: [Synth 8-7137] Register burst_strb_reg[11] in module dma_engine has both Set and reset with same priority. This may cause simulation mismatches. Consider rewriting code  [C:/vivado/Dma_Verification/Dma_Verification.srcs/sources_1/new/dma_engine.sv:359]
WARNING: [Synth 8-7137] Register burst_strb_reg[12] in module dma_engine has both Set and reset with same priority. This may cause simulation mismatches. Consider rewriting code  [C:/vivado/Dma_Verification/Dma_Verification.srcs/sources_1/new/dma_engine.sv:359]
WARNING: [Synth 8-7137] Register burst_strb_reg[13] in module dma_engine has both Set and reset with same priority. This may cause simulation mismatches. Consider rewriting code  [C:/vivado/Dma_Verification/Dma_Verification.srcs/sources_1/new/dma_engine.sv:359]
WARNING: [Synth 8-7137] Register burst_strb_reg[14] in module dma_engine has both Set and reset with same priority. This may cause simulation mismatches. Consider rewriting code  [C:/vivado/Dma_Verification/Dma_Verification.srcs/sources_1/new/dma_engine.sv:359]
WARNING: [Synth 8-7137] Register burst_strb_reg[15] in module dma_engine has both Set and reset with same priority. This may cause simulation mismatches. Consider rewriting code  [C:/vivado/Dma_Verification/Dma_Verification.srcs/sources_1/new/dma_engine.sv:359]
WARNING: [Synth 8-3917] design dma_engine has port pready driven by constant 1
WARNING: [Synth 8-3917] design dma_engine has port pslverr driven by constant 0
WARNING: [Synth 8-3917] design dma_engine has port awsize[2] driven by constant 0
WARNING: [Synth 8-3917] design dma_engine has port awsize[1] driven by constant 1
WARNING: [Synth 8-3917] design dma_engine has port awsize[0] driven by constant 1
WARNING: [Synth 8-3917] design dma_engine has port awburst[1] driven by constant 0
WARNING: [Synth 8-3917] design dma_engine has port awburst[0] driven by constant 1
WARNING: [Synth 8-3917] design dma_engine has port arsize[2] driven by constant 0
WARNING: [Synth 8-3917] design dma_engine has port arsize[1] driven by constant 1
WARNING: [Synth 8-3917] design dma_engine has port arsize[0] driven by constant 1
WARNING: [Synth 8-3917] design dma_engine has port arburst[1] driven by constant 0
WARNING: [Synth 8-3917] design dma_engine has port arburst[0] driven by constant 1
WARNING: [Synth 8-7129] Port bid[3] in module dma_engine is either unconnected or has no load
WARNING: [Synth 8-7129] Port bid[2] in module dma_engine is either unconnected or has no load
WARNING: [Synth 8-7129] Port bid[1] in module dma_engine is either unconnected or has no load
WARNING: [Synth 8-7129] Port bid[0] in module dma_engine is either unconnected or has no load
WARNING: [Synth 8-7129] Port rid[3] in module dma_engine is either unconnected or has no load
WARNING: [Synth 8-7129] Port rid[2] in module dma_engine is either unconnected or has no load
WARNING: [Synth 8-7129] Port rid[1] in module dma_engine is either unconnected or has no load
WARNING: [Synth 8-7129] Port rid[0] in module dma_engine is either unconnected or has no load
---------------------------------------------------------------------------------
Finished RTL Elaboration : Time (s): cpu = 00:00:07 ; elapsed = 00:00:10 . Memory (MB): peak = 2558.551 ; gain = 565.133
---------------------------------------------------------------------------------
---------------------------------------------------------------------------------
Start Handling Custom Attributes
---------------------------------------------------------------------------------
---------------------------------------------------------------------------------
Finished Handling Custom Attributes : Time (s): cpu = 00:00:07 ; elapsed = 00:00:10 . Memory (MB): peak = 2558.551 ; gain = 565.133
---------------------------------------------------------------------------------
---------------------------------------------------------------------------------
Finished RTL Optimization Phase 1 : Time (s): cpu = 00:00:07 ; elapsed = 00:00:10 . Memory (MB): peak = 2558.551 ; gain = 565.133
---------------------------------------------------------------------------------
Netlist sorting complete. Time (s): cpu = 00:00:00 ; elapsed = 00:00:00.033 . Memory (MB): peak = 2558.551 ; gain = 0.000
INFO: [Project 1-570] Preparing netlist for logic optimization

Processing XDC Constraints
Initializing timing engine
Completed Processing XDC Constraints

Netlist sorting complete. Time (s): cpu = 00:00:00 ; elapsed = 00:00:00.001 . Memory (MB): peak = 2650.953 ; gain = 0.000
INFO: [Project 1-111] Unisim Transformation Summary:
No Unisim elements were transformed.

RTL Elaboration Complete:  : Time (s): cpu = 00:00:11 ; elapsed = 00:00:17 . Memory (MB): peak = 2687.137 ; gain = 693.719
9 Infos, 53 Warnings, 0 Critical Warnings and 0 Errors encountered.
synth_design completed successfully
synth_design: Time (s): cpu = 00:00:14 ; elapsed = 00:00:24 . Memory (MB): peak = 2687.137 ; gain = 1094.340
close_sim
INFO: [Simtcl 6-16] Simulation closed
exit
INFO: [Common 17-206] Exiting Vivado at Tue May 12 14:33:21 2026...
