#-----------------------------------------------------------
# Vivado v2024.1 (64-bit)
# SW Build 5076996 on Wed May 22 18:37:14 MDT 2024
# IP Build 5075265 on Wed May 22 21:45:21 MDT 2024
# SharedData Build 5076995 on Wed May 22 18:29:18 MDT 2024
# Start of session at: Sun Jul  5 23:06:44 2026
# Process ID: 17892
# Current directory: C:/vivado/Dma_Verification
# Command line: vivado.exe -gui_launcher_event rodinguilauncherevent27192 C:\vivado\Dma_Verification\Dma_Verification.xpr
# Log file: C:/vivado/Dma_Verification/vivado.log
# Journal file: C:/vivado/Dma_Verification\vivado.jou
# Running On        :LAPTOP-GEKT898H
# Platform          :Windows Server 2016 or Windows 10
# Operating System  :22631
# Processor Detail  :12th Gen Intel(R) Core(TM) i5-1235U
# CPU Frequency     :2496 MHz
# CPU Physical cores:10
# CPU Logical cores :12
# Host memory       :16869 MB
# Swap memory       :8543 MB
# Total Virtual     :25413 MB
# Available Virtual :3499 MB
#-----------------------------------------------------------
start_gui
open_project C:/vivado/Dma_Verification/Dma_Verification.xpr
WARNING: [Board 49-26] cannot add Board Part xilinx.com:kc705:part0:1.6 available at D:/Downloads/Vivado/2024.1/data/xhub/boards/XilinxBoardStore/boards/Xilinx/kc705/1.6/board.xml as part xc7k325tffg900-2 specified in board_part file is either invalid or not available
WARNING: [Board 49-26] cannot add Board Part xilinx.com:kcu105:part0:1.6 available at D:/Downloads/Vivado/2024.1/data/xhub/boards/XilinxBoardStore/boards/Xilinx/kcu105/1.6/board.xml as part xcku040-ffva1156-2-e specified in board_part file is either invalid or not available
WARNING: [Board 49-26] cannot add Board Part xilinx.com:kcu105:part0:1.7 available at D:/Downloads/Vivado/2024.1/data/xhub/boards/XilinxBoardStore/boards/Xilinx/kcu105/1.7/board.xml as part xcku040-ffva1156-2-e specified in board_part file is either invalid or not available
WARNING: [Board 49-26] cannot add Board Part xilinx.com:kcu1500:part0:1.2 available at D:/Downloads/Vivado/2024.1/data/xhub/boards/XilinxBoardStore/boards/Xilinx/kcu1500/1.2/board.xml as part xcku115-flvb2104-2-e specified in board_part file is either invalid or not available
WARNING: [Board 49-26] cannot add Board Part xilinx.com:vc707:part0:1.4 available at D:/Downloads/Vivado/2024.1/data/xhub/boards/XilinxBoardStore/boards/Xilinx/vc707/1.4/board.xml as part xc7vx485tffg1761-2 specified in board_part file is either invalid or not available
WARNING: [Board 49-26] cannot add Board Part xilinx.com:vc709:part0:1.8 available at D:/Downloads/Vivado/2024.1/data/xhub/boards/XilinxBoardStore/boards/Xilinx/vc709/1.8/board.xml as part xc7vx690tffg1761-2 specified in board_part file is either invalid or not available
WARNING: [Board 49-26] cannot add Board Part xilinx.com:vck190:part0:2.2 available at D:/Downloads/Vivado/2024.1/data/xhub/boards/XilinxBoardStore/boards/Xilinx/vck190/production/2.2/board.xml as part xcvc1902-vsva2197-2mp-e-s specified in board_part file is either invalid or not available
WARNING: [Board 49-26] cannot add Board Part xilinx.com:vck190:part0:3.0 available at D:/Downloads/Vivado/2024.1/data/xhub/boards/XilinxBoardStore/boards/Xilinx/vck190/production/3.0/board.xml as part xcvc1902-vsva2197-2mp-e-s specified in board_part file is either invalid or not available
WARNING: [Board 49-26] cannot add Board Part xilinx.com:vck190:part0:3.1 available at D:/Downloads/Vivado/2024.1/data/xhub/boards/XilinxBoardStore/boards/Xilinx/vck190/production/3.1/board.xml as part xcvc1902-vsva2197-2mp-e-s specified in board_part file is either invalid or not available
WARNING: [Board 49-26] cannot add Board Part xilinx.com:vck190:part0:3.2 available at D:/Downloads/Vivado/2024.1/data/xhub/boards/XilinxBoardStore/boards/Xilinx/vck190/production/3.2/board.xml as part xcvc1902-vsva2197-2mp-e-s specified in board_part file is either invalid or not available
WARNING: [Board 49-26] cannot add Board Part xilinx.com:vck190:part0:3.3 available at D:/Downloads/Vivado/2024.1/data/xhub/boards/XilinxBoardStore/boards/Xilinx/vck190/production/3.3/board.xml as part xcvc1902-vsva2197-2mp-e-s specified in board_part file is either invalid or not available
WARNING: [Board 49-26] cannot add Board Part xilinx.com:vck190_newl:part0:1.0 available at D:/Downloads/Vivado/2024.1/data/xhub/boards/XilinxBoardStore/boards/Xilinx/vck190_newl/production/1.0/board.xml as part xcvc1902-vsva2197-2mp-e-s specified in board_part file is either invalid or not available
WARNING: [Board 49-26] cannot add Board Part xilinx.com:vck190_newl:part0:1.1 available at D:/Downloads/Vivado/2024.1/data/xhub/boards/XilinxBoardStore/boards/Xilinx/vck190_newl/production/1.1/board.xml as part xcvc1902-vsva2197-2mp-e-s specified in board_part file is either invalid or not available
WARNING: [Board 49-26] cannot add Board Part xilinx.com:vck190_newl:part0:1.2 available at D:/Downloads/Vivado/2024.1/data/xhub/boards/XilinxBoardStore/boards/Xilinx/vck190_newl/production/1.2/board.xml as part xcvc1902-vsva2197-2mp-e-s specified in board_part file is either invalid or not available
WARNING: [Board 49-26] cannot add Board Part xilinx.com:vcu108:part0:1.6 available at D:/Downloads/Vivado/2024.1/data/xhub/boards/XilinxBoardStore/boards/Xilinx/vcu108/1.6/board.xml as part xcvu095-ffva2104-2-e specified in board_part file is either invalid or not available
WARNING: [Board 49-26] cannot add Board Part xilinx.com:vcu108:part0:1.7 available at D:/Downloads/Vivado/2024.1/data/xhub/boards/XilinxBoardStore/boards/Xilinx/vcu108/1.7/board.xml as part xcvu095-ffva2104-2-e specified in board_part file is either invalid or not available
WARNING: [Board 49-26] cannot add Board Part xilinx.com:vcu110:part0:1.4 available at D:/Downloads/Vivado/2024.1/data/xhub/boards/XilinxBoardStore/boards/Xilinx/vcu110/1.4/board.xml as part xcvu190-flgc2104-2-e specified in board_part file is either invalid or not available
WARNING: [Board 49-26] cannot add Board Part xilinx.com:vcu118:part0:2.0 available at D:/Downloads/Vivado/2024.1/data/xhub/boards/XilinxBoardStore/boards/Xilinx/vcu118/2.0/board.xml as part xcvu9p-flga2104-2l-e specified in board_part file is either invalid or not available
WARNING: [Board 49-26] cannot add Board Part xilinx.com:vcu118:part0:2.3 available at D:/Downloads/Vivado/2024.1/data/xhub/boards/XilinxBoardStore/boards/Xilinx/vcu118/2.3/board.xml as part xcvu9p-flga2104-2l-e specified in board_part file is either invalid or not available
WARNING: [Board 49-26] cannot add Board Part xilinx.com:vcu118:part0:2.4 available at D:/Downloads/Vivado/2024.1/data/xhub/boards/XilinxBoardStore/boards/Xilinx/vcu118/2.4/board.xml as part xcvu9p-flga2104-2l-e specified in board_part file is either invalid or not available
WARNING: [Board 49-26] cannot add Board Part xilinx.com:vcu129:part0:1.0 available at D:/Downloads/Vivado/2024.1/data/xhub/boards/XilinxBoardStore/boards/Xilinx/vcu129/production/1.0/board.xml as part xcvu29p-fsga2577-2l-e specified in board_part file is either invalid or not available
WARNING: [Board 49-26] cannot add Board Part xilinx.com:vcu1525:part0:1.3 available at D:/Downloads/Vivado/2024.1/data/xhub/boards/XilinxBoardStore/boards/Xilinx/vcu1525/1.3/board.xml as part xcvu9p-fsgd2104-2l-e specified in board_part file is either invalid or not available
WARNING: [Board 49-26] cannot add Board Part xilinx.com:vek280:part0:1.0 available at D:/Downloads/Vivado/2024.1/data/xhub/boards/XilinxBoardStore/boards/Xilinx/vek280/production/1.0/board.xml as part xcve2802-vsvh1760-2mp-e-s specified in board_part file is either invalid or not available
WARNING: [Board 49-26] cannot add Board Part xilinx.com:vek280:part0:1.1 available at D:/Downloads/Vivado/2024.1/data/xhub/boards/XilinxBoardStore/boards/Xilinx/vek280/production/1.1/board.xml as part xcve2802-vsvh1760-2mp-e-s specified in board_part file is either invalid or not available
WARNING: [Board 49-26] cannot add Board Part xilinx.com:vek280:part0:1.2 available at D:/Downloads/Vivado/2024.1/data/xhub/boards/XilinxBoardStore/boards/Xilinx/vek280/production/1.2/board.xml as part xcve2802-vsvh1760-2mp-e-s specified in board_part file is either invalid or not available
WARNING: [Board 49-26] cannot add Board Part xilinx.com:vek280_es:part0:1.0 available at D:/Downloads/Vivado/2024.1/data/xhub/boards/XilinxBoardStore/boards/Xilinx/vek280/es/rev_a/1.0/board.xml as part xcve2802-vsvh1760-2lp-e-s-es1 specified in board_part file is either invalid or not available
WARNING: [Board 49-26] cannot add Board Part xilinx.com:vek280_es:part0:1.1 available at D:/Downloads/Vivado/2024.1/data/xhub/boards/XilinxBoardStore/boards/Xilinx/vek280/es/rev_a/1.1/board.xml as part xcve2802-vsvh1760-2lp-e-s-es1 specified in board_part file is either invalid or not available
WARNING: [Board 49-26] cannot add Board Part xilinx.com:vek280_es_revb:part0:1.0 available at D:/Downloads/Vivado/2024.1/data/xhub/boards/XilinxBoardStore/boards/Xilinx/vek280/es/rev_b/1.0/board.xml as part xcve2802-vsvh1760-2mp-e-s-es1 specified in board_part file is either invalid or not available
WARNING: [Board 49-26] cannot add Board Part xilinx.com:vek280_es_revb:part0:1.1 available at D:/Downloads/Vivado/2024.1/data/xhub/boards/XilinxBoardStore/boards/Xilinx/vek280/es/rev_b/1.1/board.xml as part xcve2802-vsvh1760-2mp-e-s-es1 specified in board_part file is either invalid or not available
WARNING: [Board 49-26] cannot add Board Part xilinx.com:vermeo_t1_mpsoc:part0:1.0 available at D:/Downloads/Vivado/2024.1/data/xhub/boards/XilinxBoardStore/boards/Xilinx/vermeo_t1_mpsoc/1.0/board.xml as part xczu19eg-ffvd1760-2l-e specified in board_part file is either invalid or not available
WARNING: [Board 49-26] cannot add Board Part xilinx.com:vermeo_t1_rfsoc:part0:1.0 available at D:/Downloads/Vivado/2024.1/data/xhub/boards/XilinxBoardStore/boards/Xilinx/vermeo_t1_rfsoc/1.0/board.xml as part xczu21dr-ffvd1156-2l-e specified in board_part file is either invalid or not available
WARNING: [Board 49-26] cannot add Board Part xilinx.com:vhk158:part0:1.0 available at D:/Downloads/Vivado/2024.1/data/xhub/boards/XilinxBoardStore/boards/Xilinx/vhk158/production/1.0/board.xml as part xcvh1582-vsva3697-2mp-e-s specified in board_part file is either invalid or not available
WARNING: [Board 49-26] cannot add Board Part xilinx.com:vhk158:part0:1.1 available at D:/Downloads/Vivado/2024.1/data/xhub/boards/XilinxBoardStore/boards/Xilinx/vhk158/production/1.1/board.xml as part xcvh1582-vsva3697-2mp-e-s specified in board_part file is either invalid or not available
WARNING: [Board 49-26] cannot add Board Part xilinx.com:vhk158_es:part0:1.0 available at D:/Downloads/Vivado/2024.1/data/xhub/boards/XilinxBoardStore/boards/Xilinx/vhk158/es/1.0/board.xml as part xcvh1582-vsva3697-2mp-e-s-es1 specified in board_part file is either invalid or not available
WARNING: [Board 49-26] cannot add Board Part xilinx.com:vhk158_es:part0:1.1 available at D:/Downloads/Vivado/2024.1/data/xhub/boards/XilinxBoardStore/boards/Xilinx/vhk158/es/1.1/board.xml as part xcvh1582-vsva3697-2mp-e-s-es1 specified in board_part file is either invalid or not available
WARNING: [Board 49-26] cannot add Board Part xilinx.com:vmk180:part0:2.2 available at D:/Downloads/Vivado/2024.1/data/xhub/boards/XilinxBoardStore/boards/Xilinx/vmk180/production/2.2/board.xml as part xcvm1802-vsva2197-2mp-e-s specified in board_part file is either invalid or not available
WARNING: [Board 49-26] cannot add Board Part xilinx.com:vmk180:part0:3.0 available at D:/Downloads/Vivado/2024.1/data/xhub/boards/XilinxBoardStore/boards/Xilinx/vmk180/production/3.0/board.xml as part xcvm1802-vsva2197-2mp-e-s specified in board_part file is either invalid or not available
WARNING: [Board 49-26] cannot add Board Part xilinx.com:vmk180:part0:3.1 available at D:/Downloads/Vivado/2024.1/data/xhub/boards/XilinxBoardStore/boards/Xilinx/vmk180/production/3.1/board.xml as part xcvm1802-vsva2197-2mp-e-s specified in board_part file is either invalid or not available
WARNING: [Board 49-26] cannot add Board Part xilinx.com:vmk180:part0:3.2 available at D:/Downloads/Vivado/2024.1/data/xhub/boards/XilinxBoardStore/boards/Xilinx/vmk180/production/3.2/board.xml as part xcvm1802-vsva2197-2mp-e-s specified in board_part file is either invalid or not available
WARNING: [Board 49-26] cannot add Board Part xilinx.com:vmk180_newl:part0:1.0 available at D:/Downloads/Vivado/2024.1/data/xhub/boards/XilinxBoardStore/boards/Xilinx/vmk180_newl/production/1.0/board.xml as part xcvm1802-vsva2197-2mp-e-s specified in board_part file is either invalid or not available
WARNING: [Board 49-26] cannot add Board Part xilinx.com:vmk180_newl:part0:1.1 available at D:/Downloads/Vivado/2024.1/data/xhub/boards/XilinxBoardStore/boards/Xilinx/vmk180_newl/production/1.1/board.xml as part xcvm1802-vsva2197-2mp-e-s specified in board_part file is either invalid or not available
WARNING: [Board 49-26] cannot add Board Part xilinx.com:vpk120:part0:1.0 available at D:/Downloads/Vivado/2024.1/data/xhub/boards/XilinxBoardStore/boards/Xilinx/vpk120/production/1.0/board.xml as part xcvp1202-vsva2785-2mp-e-s specified in board_part file is either invalid or not available
WARNING: [Board 49-26] cannot add Board Part xilinx.com:vpk120:part0:1.1 available at D:/Downloads/Vivado/2024.1/data/xhub/boards/XilinxBoardStore/boards/Xilinx/vpk120/production/1.1/board.xml as part xcvp1202-vsva2785-2mp-e-s specified in board_part file is either invalid or not available
WARNING: [Board 49-26] cannot add Board Part xilinx.com:vpk120:part0:1.2 available at D:/Downloads/Vivado/2024.1/data/xhub/boards/XilinxBoardStore/boards/Xilinx/vpk120/production/1.2/board.xml as part xcvp1202-vsva2785-2mp-e-s specified in board_part file is either invalid or not available
WARNING: [Board 49-26] cannot add Board Part xilinx.com:vpk180:part0:1.0 available at D:/Downloads/Vivado/2024.1/data/xhub/boards/XilinxBoardStore/boards/Xilinx/vpk180/production/1.0/board.xml as part xcvp1802-lsvc4072-2mp-e-s specified in board_part file is either invalid or not available
WARNING: [Board 49-26] cannot add Board Part xilinx.com:vpk180:part0:1.1 available at D:/Downloads/Vivado/2024.1/data/xhub/boards/XilinxBoardStore/boards/Xilinx/vpk180/production/1.1/board.xml as part xcvp1802-lsvc4072-2mp-e-s specified in board_part file is either invalid or not available
WARNING: [Board 49-26] cannot add Board Part xilinx.com:vpk180:part0:1.2 available at D:/Downloads/Vivado/2024.1/data/xhub/boards/XilinxBoardStore/boards/Xilinx/vpk180/production/1.2/board.xml as part xcvp1802-lsvc4072-2mp-e-s specified in board_part file is either invalid or not available
WARNING: [Board 49-26] cannot add Board Part xilinx.com:zc706:part0:1.4 available at D:/Downloads/Vivado/2024.1/data/xhub/boards/XilinxBoardStore/boards/Xilinx/zc706/1.4/board.xml as part xc7z045ffg900-2 specified in board_part file is either invalid or not available
WARNING: [Board 49-26] cannot add Board Part xilinx.com:zcu102:part0:3.3 available at D:/Downloads/Vivado/2024.1/data/xhub/boards/XilinxBoardStore/boards/Xilinx/zcu102/3.3/board.xml as part xczu9eg-ffvb1156-2-e specified in board_part file is either invalid or not available
WARNING: [Board 49-26] cannot add Board Part xilinx.com:zcu102:part0:3.4 available at D:/Downloads/Vivado/2024.1/data/xhub/boards/XilinxBoardStore/boards/Xilinx/zcu102/3.4/board.xml as part xczu9eg-ffvb1156-2-e specified in board_part file is either invalid or not available
WARNING: [Board 49-26] cannot add Board Part xilinx.com:zcu111:part0:1.2 available at D:/Downloads/Vivado/2024.1/data/xhub/boards/XilinxBoardStore/boards/Xilinx/zcu111/1.2/board.xml as part xczu28dr-ffvg1517-2-e specified in board_part file is either invalid or not available
WARNING: [Board 49-26] cannot add Board Part xilinx.com:zcu111:part0:1.3 available at D:/Downloads/Vivado/2024.1/data/xhub/boards/XilinxBoardStore/boards/Xilinx/zcu111/1.3/board.xml as part xczu28dr-ffvg1517-2-e specified in board_part file is either invalid or not available
WARNING: [Board 49-26] cannot add Board Part xilinx.com:zcu111:part0:1.4 available at D:/Downloads/Vivado/2024.1/data/xhub/boards/XilinxBoardStore/boards/Xilinx/zcu111/1.4/board.xml as part xczu28dr-ffvg1517-2-e specified in board_part file is either invalid or not available
WARNING: [Board 49-26] cannot add Board Part xilinx.com:zcu1275:part0:1.0 available at D:/Downloads/Vivado/2024.1/data/xhub/boards/XilinxBoardStore/boards/Xilinx/zcu1275/1.0/board.xml as part xczu29dr-ffvf1760-2-e specified in board_part file is either invalid or not available
WARNING: [Board 49-26] cannot add Board Part xilinx.com:zcu1285:part0:1.0 available at D:/Downloads/Vivado/2024.1/data/xhub/boards/XilinxBoardStore/boards/Xilinx/zcu1285/1.0/board.xml as part xczu39dr-ffvf1760-2-i specified in board_part file is either invalid or not available
WARNING: [Board 49-26] cannot add Board Part xilinx.com:zcu208:part0:2.0 available at D:/Downloads/Vivado/2024.1/data/xhub/boards/XilinxBoardStore/boards/Xilinx/zcu208/production/2.0/board.xml as part xczu48dr-fsvg1517-2-e specified in board_part file is either invalid or not available
WARNING: [Board 49-26] cannot add Board Part xilinx.com:zcu208ld:part0:2.0 available at D:/Downloads/Vivado/2024.1/data/xhub/boards/XilinxBoardStore/boards/Xilinx/zcu208ld/production/2.0/board.xml as part xczu58dr-fsvg1517-2-i specified in board_part file is either invalid or not available
WARNING: [Board 49-26] cannot add Board Part xilinx.com:zcu216:part0:2.0 available at D:/Downloads/Vivado/2024.1/data/xhub/boards/XilinxBoardStore/boards/Xilinx/zcu216/production/2.0/board.xml as part xczu49dr-ffvf1760-2-e specified in board_part file is either invalid or not available
WARNING: [Board 49-26] cannot add Board Part xilinx.com:zcu216ld:part0:2.0 available at D:/Downloads/Vivado/2024.1/data/xhub/boards/XilinxBoardStore/boards/Xilinx/zcu216ld/production/2.0/board.xml as part xczu59dr-ffvf1760-2-i specified in board_part file is either invalid or not available
WARNING: [Board 49-26] cannot add Board Part xilinx.com:zcu670:part0:2.0 available at D:/Downloads/Vivado/2024.1/data/xhub/boards/XilinxBoardStore/boards/Xilinx/zcu670/2.0/board.xml as part xczu67dr-fsve1156-2-i specified in board_part file is either invalid or not available
WARNING: [Board 49-26] cannot add Board Part xilinx.com:zcu670ld:part0:1.0 available at D:/Downloads/Vivado/2024.1/data/xhub/boards/XilinxBoardStore/boards/Xilinx/zcu670ld/1.0/board.xml as part xczu57dr-fsve1156-2-i specified in board_part file is either invalid or not available
INFO: [filemgmt 56-3] Default IP Output Path : Could not find the directory 'C:/vivado/Dma_Verification/Dma_Verification.gen/sources_1'.
Scanning sources...
Finished scanning sources
INFO: [IP_Flow 19-234] Refreshing IP repositories
INFO: [IP_Flow 19-1704] No user IP repositories specified
INFO: [IP_Flow 19-2313] Loaded Vivado IP repository 'D:/Downloads/Vivado/2024.1/data/ip'.
open_project: Time (s): cpu = 00:00:28 ; elapsed = 00:00:35 . Memory (MB): peak = 1549.609 ; gain = 449.828
launch_simulation
Command: launch_simulation 
INFO: [Vivado 12-12493] Simulation top is 'tb_top'
WARNING: [Vivado 12-13340] Unable to auto find GCC executables from simulator install path! (path not set)
INFO: [Vivado 12-5682] Launching behavioral simulation in 'C:/vivado/Dma_Verification/Dma_Verification.sim/sim_1/behav/xsim'
INFO: [SIM-utils-51] Simulation object is 'sim_1'
INFO: [SIM-utils-72] Using boost library from 'D:/Downloads/Vivado/2024.1/tps/boost_1_72_0'
INFO: [SIM-utils-54] Inspecting design source files for 'tb_top' in fileset 'sim_1'...
INFO: [USF-XSim-97] Finding global include files...
INFO: [USF-XSim-98] Fetching design files from 'sim_1'...
INFO: [USF-XSim-2] XSim::Compile design
INFO: [USF-XSim-61] Executing 'COMPILE and ANALYZE' step in 'C:/vivado/Dma_Verification/Dma_Verification.sim/sim_1/behav/xsim'
"xvlog --incr --relax -L uvm -L uvm -prj tb_top_vlog.prj"
INFO: [VRFC 10-2263] Analyzing SystemVerilog file "C:/vivado/Dma_Verification/Dma_Verification.srcs/sim_1/imports/new/dma_engine.sv" into library xil_defaultlib
INFO: [VRFC 10-311] analyzing module dma_engine
INFO: [VRFC 10-2263] Analyzing SystemVerilog file "C:/vivado/Dma_Verification/Dma_Verification.srcs/sim_1/imports/new/dma_interfaces.sv" into library xil_defaultlib
INFO: [VRFC 10-2263] Analyzing SystemVerilog file "C:/vivado/Dma_Verification/Dma_Verification.srcs/sim_1/imports/new/dma_uvm_pkg.sv" into library xil_defaultlib
INFO: [VRFC 10-2263] Analyzing SystemVerilog file "C:/vivado/Dma_Verification/Dma_Verification.srcs/sim_1/imports/new/tb_top.sv" into library xil_defaultlib
INFO: [VRFC 10-311] analyzing module tb_top
INFO: [USF-XSim-69] 'compile' step finished in '4' seconds
INFO: [USF-XSim-3] XSim::Elaborate design
INFO: [USF-XSim-61] Executing 'ELABORATE' step in 'C:/vivado/Dma_Verification/Dma_Verification.sim/sim_1/behav/xsim'
"xelab --incr --debug typical --relax --mt 2 -L xil_defaultlib -L uvm -L unisims_ver -L unimacro_ver -L secureip --snapshot tb_top_behav xil_defaultlib.tb_top xil_defaultlib.glbl -log elaborate.log -L uvm"
Vivado Simulator v2024.1
Copyright 1986-2022 Xilinx, Inc. All Rights Reserved.
Copyright 2022-2024 Advanced Micro Devices, Inc. All Rights Reserved.
Running: D:/Downloads/Vivado/2024.1/bin/unwrapped/win64.o/xelab.exe --incr --debug typical --relax --mt 2 -L xil_defaultlib -L uvm -L unisims_ver -L unimacro_ver -L secureip --snapshot tb_top_behav xil_defaultlib.tb_top xil_defaultlib.glbl -log elaborate.log -L uvm 
Using 2 slave threads.
Starting static elaboration
Pass Through NonSizing Optimizer
Completed static elaboration
Starting simulation data flow analysis
WARNING: [XSIM 43-4468] File : /proj/xbuilds/SWIP/2024.1_0404_1523/installs/lin64/Vivado/2024.1/data/system_verilog/uvm_1.2/xlnx_uvm_package.sv, Line : 25994, RANDC variable size more than 8 bits. This will be treated as a RAND variable instead.
WARNING: [XSIM 43-4100] "C:/vivado/Dma_Verification/Dma_Verification.srcs/sim_1/imports/new/dma_uvm_pkg.sv" Line 6. Module dma_uvm_pkg has a timescale but at least one module in design doesn't have timescale.
WARNING: [XSIM 43-4100] "C:/vivado/Dma_Verification/Dma_Verification.srcs/sim_1/imports/new/dma_uvm_pkg.sv" Line 6. Module dma_uvm_pkg has a timescale but at least one module in design doesn't have timescale.
WARNING: [XSIM 43-4100] "C:/vivado/Dma_Verification/Dma_Verification.srcs/sim_1/imports/new/tb_top.sv" Line 3. Module tb_top has a timescale but at least one module in design doesn't have timescale.
WARNING: [XSIM 43-4100] "C:/vivado/Dma_Verification/Dma_Verification.srcs/sim_1/imports/new/dma_interfaces.sv" Line 30. Module dma_axi_if_default has a timescale but at least one module in design doesn't have timescale.
WARNING: [XSIM 43-4100] "C:/vivado/Dma_Verification/Dma_Verification.srcs/sim_1/imports/new/dma_interfaces.sv" Line 93. Module slave_cb has a timescale but at least one module in design doesn't have timescale.
WARNING: [XSIM 43-4100] "C:/vivado/Dma_Verification/Dma_Verification.srcs/sim_1/imports/new/dma_interfaces.sv" Line 108. Module monitor_cb has a timescale but at least one module in design doesn't have timescale.
WARNING: [XSIM 43-4100] "C:/vivado/Dma_Verification/Dma_Verification.srcs/sim_1/imports/new/dma_interfaces.sv" Line 176. Module dma_apb_if_default has a timescale but at least one module in design doesn't have timescale.
WARNING: [XSIM 43-4100] "C:/vivado/Dma_Verification/Dma_Verification.srcs/sim_1/imports/new/dma_interfaces.sv" Line 189. Module master_cb has a timescale but at least one module in design doesn't have timescale.
WARNING: [XSIM 43-4100] "C:/vivado/Dma_Verification/Dma_Verification.srcs/sim_1/imports/new/dma_interfaces.sv" Line 195. Module monitor_cb has a timescale but at least one module in design doesn't have timescale.
WARNING: [XSIM 43-4100] "C:/vivado/Dma_Verification/Dma_Verification.srcs/sim_1/imports/new/dma_interfaces.sv" Line 209. Module dma_irq_if_default has a timescale but at least one module in design doesn't have timescale.
WARNING: [XSIM 43-4100] "C:/vivado/Dma_Verification/Dma_Verification.srcs/sim_1/imports/new/dma_interfaces.sv" Line 217. Module monitor_cb has a timescale but at least one module in design doesn't have timescale.
WARNING: [XSIM 43-4100] "C:/vivado/Dma_Verification/Dma_Verification.srcs/sim_1/imports/new/dma_engine.sv" Line 3. Module dma_engine has a timescale but at least one module in design doesn't have timescale.
WARNING: [XSIM 43-4100] "C:/vivado/Dma_Verification/Dma_Verification.srcs/sim_1/imports/new/tb_top.sv" Line 3. Module tb_top has a timescale but at least one module in design doesn't have timescale.
WARNING: [XSIM 43-4100] "C:/vivado/Dma_Verification/Dma_Verification.srcs/sim_1/imports/new/dma_interfaces.sv" Line 30. Module dma_axi_if_default has a timescale but at least one module in design doesn't have timescale.
WARNING: [XSIM 43-4100] "C:/vivado/Dma_Verification/Dma_Verification.srcs/sim_1/imports/new/dma_interfaces.sv" Line 93. Module slave_cb has a timescale but at least one module in design doesn't have timescale.
WARNING: [XSIM 43-4100] "C:/vivado/Dma_Verification/Dma_Verification.srcs/sim_1/imports/new/dma_interfaces.sv" Line 93. Module slave_cb has a timescale but at least one module in design doesn't have timescale.
WARNING: [XSIM 43-4100] "C:/vivado/Dma_Verification/Dma_Verification.srcs/sim_1/imports/new/dma_interfaces.sv" Line 108. Module monitor_cb has a timescale but at least one module in design doesn't have timescale.
WARNING: [XSIM 43-4100] "C:/vivado/Dma_Verification/Dma_Verification.srcs/sim_1/imports/new/dma_interfaces.sv" Line 108. Module monitor_cb has a timescale but at least one module in design doesn't have timescale.
WARNING: [XSIM 43-4100] "C:/vivado/Dma_Verification/Dma_Verification.srcs/sim_1/imports/new/dma_interfaces.sv" Line 176. Module dma_apb_if_default has a timescale but at least one module in design doesn't have timescale.
WARNING: [XSIM 43-4100] "C:/vivado/Dma_Verification/Dma_Verification.srcs/sim_1/imports/new/dma_interfaces.sv" Line 189. Module master_cb has a timescale but at least one module in design doesn't have timescale.
WARNING: [XSIM 43-4100] "C:/vivado/Dma_Verification/Dma_Verification.srcs/sim_1/imports/new/dma_interfaces.sv" Line 189. Module master_cb has a timescale but at least one module in design doesn't have timescale.
WARNING: [XSIM 43-4100] "C:/vivado/Dma_Verification/Dma_Verification.srcs/sim_1/imports/new/dma_interfaces.sv" Line 195. Module monitor_cb has a timescale but at least one module in design doesn't have timescale.
WARNING: [XSIM 43-4100] "C:/vivado/Dma_Verification/Dma_Verification.srcs/sim_1/imports/new/dma_interfaces.sv" Line 195. Module monitor_cb has a timescale but at least one module in design doesn't have timescale.
WARNING: [XSIM 43-4100] "C:/vivado/Dma_Verification/Dma_Verification.srcs/sim_1/imports/new/dma_interfaces.sv" Line 209. Module dma_irq_if_default has a timescale but at least one module in design doesn't have timescale.
WARNING: [XSIM 43-4100] "C:/vivado/Dma_Verification/Dma_Verification.srcs/sim_1/imports/new/dma_interfaces.sv" Line 217. Module monitor_cb has a timescale but at least one module in design doesn't have timescale.
WARNING: [XSIM 43-4100] "C:/vivado/Dma_Verification/Dma_Verification.srcs/sim_1/imports/new/dma_interfaces.sv" Line 217. Module monitor_cb has a timescale but at least one module in design doesn't have timescale.
WARNING: [XSIM 43-4100] "C:/vivado/Dma_Verification/Dma_Verification.srcs/sim_1/imports/new/dma_engine.sv" Line 3. Module dma_engine has a timescale but at least one module in design doesn't have timescale.
WARNING: [XSIM 43-4100] "C:/vivado/Dma_Verification/Dma_Verification.sim/sim_1/behav/xsim/glbl.v" Line 6. Module glbl has a timescale but at least one module in design doesn't have timescale.
WARNING: [XSIM 43-4100] "C:/vivado/Dma_Verification/Dma_Verification.sim/sim_1/behav/xsim/glbl.v" Line 6. Module glbl has a timescale but at least one module in design doesn't have timescale.
Completed simulation data flow analysis
Time Resolution for simulation is 1ps
Compiling package uvm.uvm_pkg
Compiling package std.std
Compiling package xil_defaultlib.dma_uvm_pkg
Compiling module xil_defaultlib.slave_cb
Compiling module xil_defaultlib.monitor_cb
Compiling module xil_defaultlib.dma_axi_if_default
Compiling module xil_defaultlib.master_cb
Compiling module xil_defaultlib.monitor_cb
Compiling module xil_defaultlib.dma_apb_if_default
Compiling module xil_defaultlib.monitor_cb
Compiling module xil_defaultlib.dma_irq_if_default
Compiling module xil_defaultlib.dma_engine
Compiling module xil_defaultlib.tb_top
Compiling module xil_defaultlib.glbl
Built simulation snapshot tb_top_behav
run_program: Time (s): cpu = 00:00:05 ; elapsed = 00:02:03 . Memory (MB): peak = 1887.668 ; gain = 26.336
INFO: [USF-XSim-69] 'elaborate' step finished in '123' seconds
INFO: [USF-XSim-4] XSim::Simulate design
INFO: [USF-XSim-61] Executing 'SIMULATE' step in 'C:/vivado/Dma_Verification/Dma_Verification.sim/sim_1/behav/xsim'
INFO: [USF-XSim-98] *** Running xsim
   with args "tb_top_behav -key {Behavioral:sim_1:Functional:tb_top} -tclbatch {tb_top.tcl} -log {simulate.log}"
INFO: [USF-XSim-8] Loading simulator feature
Time resolution is 1 ps
source tb_top.tcl
# set curr_wave [current_wave_config]
# if { [string length $curr_wave] == 0 } {
#   if { [llength [get_objects]] > 0} {
#     add_wave /
#     set_property needs_save false [current_wave_config]
#   } else {
#      send_msg_id Add_Wave-1 WARNING "No top level signals found. Simulator will start without a wave window. If you want to open a wave window go to 'File->New Waveform Configuration' or type 'create_wave_config' in the TCL console."
#   }
# }
WARNING: Simulation object /tb_top/selected_test was not traceable in the design for the following reason:
Vivado Simulator does not support tracing of System Verilog Dynamic Type object.
# run 1000ns
UVM_INFO D:/Downloads/Vivado/2024.1/data/system_verilog/uvm_1.2/xlnx_uvm_package.sv(18601) @ 0: reporter [UVM/RELNOTES] 
----------------------------------------------------------------
UVM-1.2
(C) 2007-2014 Mentor Graphics Corporation
(C) 2007-2014 Cadence Design Systems, Inc.
(C) 2006-2014 Synopsys, Inc.
(C) 2011-2013 Cypress Semiconductor Corp.
(C) 2013-2014 NVIDIA Corporation
----------------------------------------------------------------

  ***********       IMPORTANT RELEASE NOTES         ************

  You are using a version of the UVM library that has been compiled
  with `UVM_NO_DEPRECATED undefined.

  You are using a version of the UVM library that has been compiled
  with `UVM_OBJECT_DO_NOT_NEED_CONSTRUCTOR undefined.

      (Specify +UVM_NO_RELNOTES to turn off this notice)

TB_TOP: Running UVM test 'dma_all_test'
UVM_INFO @ 0: reporter [RNTST] Running test dma_all_test...
UVM_INFO D:/Downloads/Vivado/2024.1/data/system_verilog/uvm_1.2/xlnx_uvm_package.sv(20867) @ 0: reporter [UVM/COMP/NAMECHECK] This implementation of the component name checks requires DPI to be enabled
UVM_INFO C:/vivado/Dma_Verification/Dma_Verification.srcs/sim_1/imports/new/dma_test.sv(195) @ 0: uvm_test_top [TEST] Running all test cases to reach 100% coverage
xsim: Time (s): cpu = 00:00:03 ; elapsed = 00:00:06 . Memory (MB): peak = 1887.668 ; gain = 0.000
INFO: [USF-XSim-96] XSim completed. Design snapshot 'tb_top_behav' loaded.
INFO: [USF-XSim-97] XSim simulation ran for 1000ns
launch_simulation: Time (s): cpu = 00:00:09 ; elapsed = 00:02:14 . Memory (MB): peak = 1887.668 ; gain = 26.336
run all
UVM_INFO C:/vivado/Dma_Verification/Dma_Verification.srcs/sim_1/imports/new/dma_test.sv(223) @ 40505000: uvm_test_top [TEST] Running 25 adaptive transactions
UVM_INFO C:/vivado/Dma_Verification/Dma_Verification.srcs/sim_1/imports/new/dma_sequences.sv(590) @ 40505000: uvm_test_top.env.vsqr@@vseq [VSEQ] Starting coverage-closure virtual sequence
UVM_INFO C:/vivado/Dma_Verification/Dma_Verification.srcs/sim_1/imports/new/dma_sequences.sv(466) @ 40505000: uvm_test_top.env.vsqr@@vseq [VSEQ] === Phase 1: Deterministic coverage sweep ===
UVM_INFO C:/vivado/Dma_Verification/Dma_Verification.srcs/sim_1/imports/new/dma_sequences.sv(470) @ 40505000: uvm_test_top.env.vsqr@@vseq [VSEQ] Sweep: sg_depth bins
UVM_INFO C:/vivado/Dma_Verification/Dma_Verification.srcs/sim_1/imports/new/dma_sequences.sv(480) @ 169475000: uvm_test_top.env.vsqr@@vseq [VSEQ] Sweep: alignment bins
UVM_INFO C:/vivado/Dma_Verification/Dma_Verification.srcs/sim_1/imports/new/dma_sequences.sv(492) @ 180135000: uvm_test_top.env.vsqr@@vseq [VSEQ] Sweep: channel bins
UVM_INFO C:/vivado/Dma_Verification/Dma_Verification.srcs/sim_1/imports/new/dma_sequences.sv(503) @ 190795000: uvm_test_top.env.vsqr@@vseq [VSEQ] Sweep: error cross bins
UVM_INFO C:/vivado/Dma_Verification/Dma_Verification.srcs/sim_1/imports/new/dma_sequences.sv(511) @ 195715000: uvm_test_top.env.vsqr@@vseq [VSEQ] Sweep: cross_sg_align FULL sweep
UVM_INFO C:/vivado/Dma_Verification/Dma_Verification.srcs/sim_1/imports/new/dma_sequences.sv(522) @ 457185000: uvm_test_top.env.vsqr@@vseq [VSEQ] === Phase 1 complete ===
UVM_INFO C:/vivado/Dma_Verification/Dma_Verification.srcs/sim_1/imports/new/dma_sequences.sv(535) @ 457185000: uvm_test_top.env.vsqr@@vseq [VSEQ] === Phase 2: 25 random transactions ===
UVM_INFO C:/vivado/Dma_Verification/Dma_Verification.srcs/sim_1/imports/new/dma_sequences.sv(586) @ 735515000: uvm_test_top.env.vsqr@@vseq [VSEQ] === Phase 2 complete ===
UVM_INFO C:/vivado/Dma_Verification/Dma_Verification.srcs/sim_1/imports/new/dma_sequences.sv(593) @ 735515000: uvm_test_top.env.vsqr@@vseq [VSEQ] All transactions complete
UVM_INFO D:/Downloads/Vivado/2024.1/data/system_verilog/uvm_1.2/xlnx_uvm_package.sv(19968) @ 745515000: reporter [TEST_DONE] 'run' phase is ready to proceed to the 'extract' phase
UVM_INFO C:/vivado/Dma_Verification/Dma_Verification.srcs/sim_1/imports/new/dma_scoreboard.sv(190) @ 745515000: uvm_test_top.env.scoreboard [SB] 
====== SCOREBOARD SUMMARY ======
  Total transactions : 74
  Passed             : 74
  Failed             : 0
  Timed out          : 0
  Total bytes checked: 105088
================================
UVM_INFO C:/vivado/Dma_Verification/Dma_Verification.srcs/sim_1/imports/new/dma_scoreboard.sv(195) @ 745515000: uvm_test_top.env.scoreboard [SB] ALL TRANSFERS VERIFIED - PASS
UVM_INFO D:/Downloads/Vivado/2024.1/data/system_verilog/uvm_1.2/xlnx_uvm_package.sv(13673) @ 745515000: reporter [UVM/REPORT/SERVER] 
--- UVM Report Summary ---

** Report counts by severity
UVM_INFO :   19
UVM_WARNING :    0
UVM_ERROR :    0
UVM_FATAL :    0
** Report counts by id
[RNTST]     1
[SB]     2
[TEST]     2
[TEST_DONE]     1
[UVM/COMP/NAMECHECK]     1
[UVM/RELNOTES]     1
[VSEQ]    11

$finish called at time : 745515 ns : File "D:/Downloads/Vivado/2024.1/data/system_verilog/uvm_1.2/xlnx_uvm_package.sv" Line 18699
run: Time (s): cpu = 00:00:03 ; elapsed = 00:00:06 . Memory (MB): peak = 1887.668 ; gain = 0.000
export_xsim_coverage

 Options Set are : 

   Report Format              : html
   Log File                   : xcrg.log
   Functional Coverage Dir[s] : ./
   Functional Coverage DB[s]  : tb_top_behav



********************************************************
                  Functional Coverage Report 
********************************************************

 Restoring Functional Coverage DB[s] from : 
  1	.//xsim.covdb/tb_top_behav/xsim.covinfo

 Functional Coverage HTML Report directory        : ./xsim_coverage_report/functionalCoverageReport

 Creating dashboard.html 

 Creating groups.html 

 Creating grp0.html 

close_sim
INFO: [Simtcl 6-16] Simulation closed
exit
INFO: [Common 17-206] Exiting Vivado at Sun Jul  5 23:12:51 2026...
