#-----------------------------------------------------------
# Vivado v2024.1 (64-bit)
# SW Build 5076996 on Wed May 22 18:37:14 MDT 2024
# IP Build 5075265 on Wed May 22 21:45:21 MDT 2024
# SharedData Build 5076995 on Wed May 22 18:29:18 MDT 2024
# Start of session at: Tue May 12 12:24:49 2026
# Process ID: 81068
# Current directory: C:/vivado/Dma_Verification/Dma_Verification.runs/synth_1
# Command line: vivado.exe -log dma_engine.vds -product Vivado -mode batch -messageDb vivado.pb -notrace -source dma_engine.tcl
# Log file: C:/vivado/Dma_Verification/Dma_Verification.runs/synth_1/dma_engine.vds
# Journal file: C:/vivado/Dma_Verification/Dma_Verification.runs/synth_1\vivado.jou
# Running On        :LAPTOP-GEKT898H
# Platform          :Windows Server 2016 or Windows 10
# Operating System  :22631
# Processor Detail  :12th Gen Intel(R) Core(TM) i5-1235U
# CPU Frequency     :2496 MHz
# CPU Physical cores:10
# CPU Logical cores :12
# Host memory       :16869 MB
# Swap memory       :9669 MB
# Total Virtual     :26539 MB
# Available Virtual :3543 MB
#-----------------------------------------------------------
source dma_engine.tcl -notrace
