Vivado Simulator v2024.1
Copyright 1986-2022 Xilinx, Inc. All Rights Reserved.
Copyright 2022-2024 Advanced Micro Devices, Inc. All Rights Reserved.
Running: D:/Downloads/Vivado/2024.1/bin/unwrapped/win64.o/xelab.exe --incr --debug typical --relax --mt 2 -L xil_defaultlib -L uvm -L unisims_ver -L unimacro_ver -L secureip --snapshot tb_top_behav xil_defaultlib.tb_top xil_defaultlib.glbl -log elaborate.log -L uvm 
Using 2 slave threads.
Starting static elaboration
Pass Through NonSizing Optimizer
Completed static elaboration
Starting simulation data flow analysis
WARNING: [XSIM 43-4468] File : /proj/xbuilds/SWIP/2024.1_0404_1523/installs/lin64/Vivado/2024.1/data/system_verilog/uvm_1.2/xlnx_uvm_package.sv, Line : 25994, RANDC variable size more than 8 bits. This will be treated as a RAND variable instead.
WARNING: [XSIM 43-4100] "C:/vivado/Dma_Verification/Dma_Verification.srcs/sources_1/new/dma_uvm_pkg.sv" Line 6. Module dma_uvm_pkg has a timescale but at least one module in design doesn't have timescale.
WARNING: [XSIM 43-4100] "C:/vivado/Dma_Verification/Dma_Verification.srcs/sources_1/new/dma_uvm_pkg.sv" Line 6. Module dma_uvm_pkg has a timescale but at least one module in design doesn't have timescale.
WARNING: [XSIM 43-4100] "C:/vivado/Dma_Verification/Dma_Verification.srcs/sources_1/new/tb_top.sv" Line 3. Module tb_top has a timescale but at least one module in design doesn't have timescale.
WARNING: [XSIM 43-4100] "C:/vivado/Dma_Verification/Dma_Verification.srcs/sources_1/new/dma_interfaces.sv" Line 30. Module dma_axi_if_default has a timescale but at least one module in design doesn't have timescale.
WARNING: [XSIM 43-4100] "C:/vivado/Dma_Verification/Dma_Verification.srcs/sources_1/new/dma_interfaces.sv" Line 93. Module slave_cb has a timescale but at least one module in design doesn't have timescale.
WARNING: [XSIM 43-4100] "C:/vivado/Dma_Verification/Dma_Verification.srcs/sources_1/new/dma_interfaces.sv" Line 108. Module monitor_cb has a timescale but at least one module in design doesn't have timescale.
WARNING: [XSIM 43-4100] "C:/vivado/Dma_Verification/Dma_Verification.srcs/sources_1/new/dma_interfaces.sv" Line 176. Module dma_apb_if_default has a timescale but at least one module in design doesn't have timescale.
WARNING: [XSIM 43-4100] "C:/vivado/Dma_Verification/Dma_Verification.srcs/sources_1/new/dma_interfaces.sv" Line 189. Module master_cb has a timescale but at least one module in design doesn't have timescale.
WARNING: [XSIM 43-4100] "C:/vivado/Dma_Verification/Dma_Verification.srcs/sources_1/new/dma_interfaces.sv" Line 195. Module monitor_cb has a timescale but at least one module in design doesn't have timescale.
WARNING: [XSIM 43-4100] "C:/vivado/Dma_Verification/Dma_Verification.srcs/sources_1/new/dma_interfaces.sv" Line 209. Module dma_irq_if_default has a timescale but at least one module in design doesn't have timescale.
WARNING: [XSIM 43-4100] "C:/vivado/Dma_Verification/Dma_Verification.srcs/sources_1/new/dma_interfaces.sv" Line 217. Module monitor_cb has a timescale but at least one module in design doesn't have timescale.
WARNING: [XSIM 43-4100] "C:/vivado/Dma_Verification/Dma_Verification.srcs/sources_1/new/dma_engine.sv" Line 3. Module dma_engine has a timescale but at least one module in design doesn't have timescale.
WARNING: [XSIM 43-4100] "C:/vivado/Dma_Verification/Dma_Verification.srcs/sources_1/new/tb_top.sv" Line 3. Module tb_top has a timescale but at least one module in design doesn't have timescale.
WARNING: [XSIM 43-4100] "C:/vivado/Dma_Verification/Dma_Verification.srcs/sources_1/new/dma_interfaces.sv" Line 30. Module dma_axi_if_default has a timescale but at least one module in design doesn't have timescale.
WARNING: [XSIM 43-4100] "C:/vivado/Dma_Verification/Dma_Verification.srcs/sources_1/new/dma_interfaces.sv" Line 93. Module slave_cb has a timescale but at least one module in design doesn't have timescale.
WARNING: [XSIM 43-4100] "C:/vivado/Dma_Verification/Dma_Verification.srcs/sources_1/new/dma_interfaces.sv" Line 93. Module slave_cb has a timescale but at least one module in design doesn't have timescale.
WARNING: [XSIM 43-4100] "C:/vivado/Dma_Verification/Dma_Verification.srcs/sources_1/new/dma_interfaces.sv" Line 108. Module monitor_cb has a timescale but at least one module in design doesn't have timescale.
WARNING: [XSIM 43-4100] "C:/vivado/Dma_Verification/Dma_Verification.srcs/sources_1/new/dma_interfaces.sv" Line 108. Module monitor_cb has a timescale but at least one module in design doesn't have timescale.
WARNING: [XSIM 43-4100] "C:/vivado/Dma_Verification/Dma_Verification.srcs/sources_1/new/dma_interfaces.sv" Line 176. Module dma_apb_if_default has a timescale but at least one module in design doesn't have timescale.
WARNING: [XSIM 43-4100] "C:/vivado/Dma_Verification/Dma_Verification.srcs/sources_1/new/dma_interfaces.sv" Line 189. Module master_cb has a timescale but at least one module in design doesn't have timescale.
WARNING: [XSIM 43-4100] "C:/vivado/Dma_Verification/Dma_Verification.srcs/sources_1/new/dma_interfaces.sv" Line 189. Module master_cb has a timescale but at least one module in design doesn't have timescale.
WARNING: [XSIM 43-4100] "C:/vivado/Dma_Verification/Dma_Verification.srcs/sources_1/new/dma_interfaces.sv" Line 195. Module monitor_cb has a timescale but at least one module in design doesn't have timescale.
WARNING: [XSIM 43-4100] "C:/vivado/Dma_Verification/Dma_Verification.srcs/sources_1/new/dma_interfaces.sv" Line 195. Module monitor_cb has a timescale but at least one module in design doesn't have timescale.
WARNING: [XSIM 43-4100] "C:/vivado/Dma_Verification/Dma_Verification.srcs/sources_1/new/dma_interfaces.sv" Line 209. Module dma_irq_if_default has a timescale but at least one module in design doesn't have timescale.
WARNING: [XSIM 43-4100] "C:/vivado/Dma_Verification/Dma_Verification.srcs/sources_1/new/dma_interfaces.sv" Line 217. Module monitor_cb has a timescale but at least one module in design doesn't have timescale.
WARNING: [XSIM 43-4100] "C:/vivado/Dma_Verification/Dma_Verification.srcs/sources_1/new/dma_interfaces.sv" Line 217. Module monitor_cb has a timescale but at least one module in design doesn't have timescale.
WARNING: [XSIM 43-4100] "C:/vivado/Dma_Verification/Dma_Verification.srcs/sources_1/new/dma_engine.sv" Line 3. Module dma_engine has a timescale but at least one module in design doesn't have timescale.
WARNING: [XSIM 43-4100] "C:/vivado/Dma_Verification/Dma_Verification.sim/sim_1/behav/xsim/glbl.v" Line 6. Module glbl has a timescale but at least one module in design doesn't have timescale.
WARNING: [XSIM 43-4100] "C:/vivado/Dma_Verification/Dma_Verification.sim/sim_1/behav/xsim/glbl.v" Line 6. Module glbl has a timescale but at least one module in design doesn't have timescale.
Completed simulation data flow analysis
Time Resolution for simulation is 1ps
Compiling package uvm.uvm_pkg
Compiling package std.std
Compiling package xil_defaultlib.dma_uvm_pkg
Compiling module xil_defaultlib.slave_cb
Compiling module xil_defaultlib.monitor_cb
Compiling module xil_defaultlib.dma_axi_if_default
Compiling module xil_defaultlib.master_cb
Compiling module xil_defaultlib.monitor_cb
Compiling module xil_defaultlib.dma_apb_if_default
Compiling module xil_defaultlib.monitor_cb
Compiling module xil_defaultlib.dma_irq_if_default
Compiling module xil_defaultlib.dma_engine
Compiling module xil_defaultlib.tb_top
Compiling module xil_defaultlib.glbl
Built simulation snapshot tb_top_behav
